<?xml version="1.0" encoding="ISO-8859-1" ?>
<link_info>
   <banner>TI ARM Linker PC v18.12.1.LTS</banner>
   <copyright>Copyright (c) 1996-2018 Texas Instruments Incorporated</copyright>
   <link_time>0x5d2afcad</link_time>
   <link_errors>0x0</link_errors>
   <output_file>simple_broadcaster_cc2650lp_stack.out</output_file>
   <entry_point>
      <name>startup_entry</name>
      <address>0x18001</address>
   </entry_point>
   <input_file_list>
      <input_file id="fl-3">
         <path>.\HAL\Common\</path>
         <kind>object</kind>
         <file>hal_assert.obj</file>
         <name>hal_assert.obj</name>
      </input_file>
      <input_file id="fl-4">
         <path>.\HAL\Target\CC2650\Drivers\</path>
         <kind>object</kind>
         <file>hal_flash_wrapper.obj</file>
         <name>hal_flash_wrapper.obj</name>
      </input_file>
      <input_file id="fl-5">
         <path>.\HAL\Target\CC2650\Drivers\</path>
         <kind>object</kind>
         <file>hal_rtc_wrapper.obj</file>
         <name>hal_rtc_wrapper.obj</name>
      </input_file>
      <input_file id="fl-6">
         <path>.\HAL\Target\CC2650\Drivers\</path>
         <kind>object</kind>
         <file>hal_trng_wrapper.obj</file>
         <name>hal_trng_wrapper.obj</name>
      </input_file>
      <input_file id="fl-7">
         <path>.\HAL\Target\CC2650\_common\</path>
         <kind>object</kind>
         <file>mb_patch.obj</file>
         <name>mb_patch.obj</name>
      </input_file>
      <input_file id="fl-8">
         <path>.\ICallBLE\</path>
         <kind>object</kind>
         <file>ble_dispatch.obj</file>
         <name>ble_dispatch.obj</name>
      </input_file>
      <input_file id="fl-9">
         <path>.\NPI\</path>
         <kind>object</kind>
         <file>npi.obj</file>
         <name>npi.obj</name>
      </input_file>
      <input_file id="fl-a">
         <path>.\OSAL\</path>
         <kind>object</kind>
         <file>osal.obj</file>
         <name>osal.obj</name>
      </input_file>
      <input_file id="fl-b">
         <path>.\OSAL\</path>
         <kind>object</kind>
         <file>osal_bufmgr.obj</file>
         <name>osal_bufmgr.obj</name>
      </input_file>
      <input_file id="fl-c">
         <path>.\OSAL\</path>
         <kind>object</kind>
         <file>osal_cbtimer.obj</file>
         <name>osal_cbtimer.obj</name>
      </input_file>
      <input_file id="fl-d">
         <path>.\OSAL\</path>
         <kind>object</kind>
         <file>osal_clock.obj</file>
         <name>osal_clock.obj</name>
      </input_file>
      <input_file id="fl-e">
         <path>.\OSAL\</path>
         <kind>object</kind>
         <file>osal_memory_icall.obj</file>
         <name>osal_memory_icall.obj</name>
      </input_file>
      <input_file id="fl-f">
         <path>.\OSAL\</path>
         <kind>object</kind>
         <file>osal_pwrmgr.obj</file>
         <name>osal_pwrmgr.obj</name>
      </input_file>
      <input_file id="fl-10">
         <path>.\OSAL\</path>
         <kind>object</kind>
         <file>osal_snv_wrapper.obj</file>
         <name>osal_snv_wrapper.obj</name>
      </input_file>
      <input_file id="fl-11">
         <path>.\OSAL\</path>
         <kind>object</kind>
         <file>osal_timers.obj</file>
         <name>osal_timers.obj</name>
      </input_file>
      <input_file id="fl-12">
         <path>.\PROFILES\</path>
         <kind>object</kind>
         <file>gap.obj</file>
         <name>gap.obj</name>
      </input_file>
      <input_file id="fl-13">
         <path>.\Startup\</path>
         <kind>object</kind>
         <file>ble_user_config.obj</file>
         <name>ble_user_config.obj</name>
      </input_file>
      <input_file id="fl-14">
         <path>.\Startup\</path>
         <kind>object</kind>
         <file>icall_startup.obj</file>
         <name>icall_startup.obj</name>
      </input_file>
      <input_file id="fl-15">
         <path>.\Startup\</path>
         <kind>object</kind>
         <file>osal_icall_ble.obj</file>
         <name>osal_icall_ble.obj</name>
      </input_file>
      <input_file id="fl-16">
         <path>.\Startup\</path>
         <kind>object</kind>
         <file>rom_jt.obj</file>
         <name>rom_jt.obj</name>
      </input_file>
      <input_file id="fl-17">
         <path>.\TOOLS\</path>
         <kind>object</kind>
         <file>onboard.obj</file>
         <name>onboard.obj</name>
      </input_file>
      <input_file id="fl-f5">
         <path>C:\ti\ccs901\ccs\tools\compiler\ti-cgt-arm_18.12.1.LTS\lib\</path>
         <kind>archive</kind>
         <file>rtsv7M3_T_le_eabi.lib</file>
         <name>cpy_tbl.c.obj</name>
      </input_file>
      <input_file id="fl-f6">
         <path>C:\ti\ccs901\ccs\tools\compiler\ti-cgt-arm_18.12.1.LTS\lib\</path>
         <kind>archive</kind>
         <file>rtsv7M3_T_le_eabi.lib</file>
         <name>copy_zero_init.c.obj</name>
      </input_file>
      <input_file id="fl-f7">
         <path>C:\ti\ccs901\ccs\tools\compiler\ti-cgt-arm_18.12.1.LTS\lib\</path>
         <kind>archive</kind>
         <file>rtsv7M3_T_le_eabi.lib</file>
         <name>copy_decompress_none.c.obj</name>
      </input_file>
      <input_file id="fl-f8">
         <path>C:\ti\ccs901\ccs\tools\compiler\ti-cgt-arm_18.12.1.LTS\lib\</path>
         <kind>archive</kind>
         <file>rtsv7M3_T_le_eabi.lib</file>
         <name>copy_decompress_lzss.c.obj</name>
      </input_file>
      <input_file id="fl-f9">
         <path>C:\ti\ccs901\ccs\tools\compiler\ti-cgt-arm_18.12.1.LTS\lib\</path>
         <kind>archive</kind>
         <file>rtsv7M3_T_le_eabi.lib</file>
         <name>ltoa.c.obj</name>
      </input_file>
      <input_file id="fl-fa">
         <path>C:\ti\ccs901\ccs\tools\compiler\ti-cgt-arm_18.12.1.LTS\lib\</path>
         <kind>archive</kind>
         <file>rtsv7M3_T_le_eabi.lib</file>
         <name>memcmp.c.obj</name>
      </input_file>
      <input_file id="fl-fb">
         <path>C:\ti\ccs901\ccs\tools\compiler\ti-cgt-arm_18.12.1.LTS\lib\</path>
         <kind>archive</kind>
         <file>rtsv7M3_T_le_eabi.lib</file>
         <name>strlen.c.obj</name>
      </input_file>
      <input_file id="fl-fe">
         <path>C:\ti\tirtos_cc13xx_cc26xx_2_21_01_08\products\cc26xxware_2_24_03_17272\driverlib\bin\ccs\</path>
         <kind>archive</kind>
         <file>driverlib.lib</file>
         <name>flash.obj</name>
      </input_file>
      <input_file id="fl-ff">
         <path>C:\ti\tirtos_cc13xx_cc26xx_2_21_01_08\products\cc26xxware_2_24_03_17272\driverlib\bin\ccs\</path>
         <kind>archive</kind>
         <file>driverlib.lib</file>
         <name>interrupt.obj</name>
      </input_file>
      <input_file id="fl-100">
         <path>C:\ti\tirtos_cc13xx_cc26xx_2_21_01_08\products\cc26xxware_2_24_03_17272\driverlib\bin\ccs\</path>
         <kind>archive</kind>
         <file>driverlib.lib</file>
         <name>trng.obj</name>
      </input_file>
      <input_file id="fl-101">
         <path>C:\ti\tirtos_cc13xx_cc26xx_2_21_01_08\products\cc26xxware_2_24_03_17272\driverlib\bin\ccs\</path>
         <kind>archive</kind>
         <file>driverlib.lib</file>
         <name>vims.obj</name>
      </input_file>
      <input_file id="fl-102">
         <path>C:\Users\Carlo\AppData\Local\Temp\</path>
         <kind>object</kind>
         <file>{F8F776A2-F66D-4DD1-B803-14BC43B035C5}</file>
         <name>{F8F776A2-F66D-4DD1-B803-14BC43B035C5}</name>
      </input_file>
      <input_file id="fl-22">
         <path>C:\ti\simplelink\ble_sdk_2_02_02_25\src\rom\ble_rom_releases\04242014\</path>
         <kind>object</kind>
         <file>ble_rom_patch.symbols</file>
         <name>ble_rom_patch.symbols</name>
      </input_file>
      <input_file id="fl-25">
         <kind>object</kind>
         <file>&lt;internal&gt;</file>
         <name>&lt;internal&gt;</name>
      </input_file>
      <input_file id="fl-26">
         <path>C:\ti\simplelink\ble_sdk_2_02_02_25\blelib\host\</path>
         <kind>archive</kind>
         <file>host_xxbx.a</file>
         <name>gap_configmgr.o</name>
      </input_file>
      <input_file id="fl-27">
         <path>C:\ti\simplelink\ble_sdk_2_02_02_25\blelib\host\</path>
         <kind>archive</kind>
         <file>host_xxbx.a</file>
         <name>gap_devmgr.o</name>
      </input_file>
      <input_file id="fl-28">
         <path>C:\ti\simplelink\ble_sdk_2_02_02_25\blelib\host\</path>
         <kind>archive</kind>
         <file>host_xxbx.a</file>
         <name>gap_peridevmgr.o</name>
      </input_file>
      <input_file id="fl-29">
         <path>C:\ti\simplelink\ble_sdk_2_02_02_25\blelib\host\</path>
         <kind>archive</kind>
         <file>host_xxbx.a</file>
         <name>gap_simpletask.o</name>
      </input_file>
      <input_file id="fl-2a">
         <path>C:\ti\simplelink\ble_sdk_2_02_02_25\blelib\host\</path>
         <kind>archive</kind>
         <file>host_xxbx.a</file>
         <name>sm_mgr.o</name>
      </input_file>
      <input_file id="fl-2b">
         <path>C:\ti\simplelink\ble_sdk_2_02_02_25\blelib\host\</path>
         <kind>archive</kind>
         <file>host_xxbx.a</file>
         <name>sm_task.o</name>
      </input_file>
      <input_file id="fl-2c">
         <path>C:\ti\simplelink\ble_sdk_2_02_02_25\blelib\host\</path>
         <kind>archive</kind>
         <file>host_xxbx.a</file>
         <name>sm_pairing.o</name>
      </input_file>
      <input_file id="fl-2d">
         <path>C:\ti\simplelink\ble_sdk_2_02_02_25\blelib\host\</path>
         <kind>archive</kind>
         <file>host_xxbx.a</file>
         <name>smp.o</name>
      </input_file>
      <input_file id="fl-2e">
         <path>C:\ti\simplelink\ble_sdk_2_02_02_25\blelib\ctrl\cc2640\</path>
         <kind>archive</kind>
         <file>cc2640_ctrl_xxbx.a</file>
         <name>ble_patch.o</name>
      </input_file>
      <input_file id="fl-2f">
         <path>C:\ti\simplelink\ble_sdk_2_02_02_25\blelib\ctrl\cc2640\</path>
         <kind>archive</kind>
         <file>cc2640_ctrl_xxbx.a</file>
         <name>hci_event_patch.o</name>
      </input_file>
      <input_file id="fl-30">
         <path>C:\ti\simplelink\ble_sdk_2_02_02_25\blelib\ctrl\cc2640\</path>
         <kind>archive</kind>
         <file>cc2640_ctrl_xxbx.a</file>
         <name>hci_patch.o</name>
      </input_file>
      <input_file id="fl-31">
         <path>C:\ti\simplelink\ble_sdk_2_02_02_25\blelib\ctrl\cc2640\</path>
         <kind>archive</kind>
         <file>cc2640_ctrl_xxbx.a</file>
         <name>ll_adv_end_causes_patch.o</name>
      </input_file>
      <input_file id="fl-32">
         <path>C:\ti\simplelink\ble_sdk_2_02_02_25\blelib\ctrl\cc2640\</path>
         <kind>archive</kind>
         <file>cc2640_ctrl_xxbx.a</file>
         <name>ll_common_patch.o</name>
      </input_file>
      <input_file id="fl-33">
         <path>C:\ti\simplelink\ble_sdk_2_02_02_25\blelib\ctrl\cc2640\</path>
         <kind>archive</kind>
         <file>cc2640_ctrl_xxbx.a</file>
         <name>ll_config.o</name>
      </input_file>
      <input_file id="fl-34">
         <path>C:\ti\simplelink\ble_sdk_2_02_02_25\blelib\ctrl\cc2640\</path>
         <kind>archive</kind>
         <file>cc2640_ctrl_xxbx.a</file>
         <name>ll_patch.o</name>
      </input_file>
      <input_file id="fl-35">
         <path>C:\ti\simplelink\ble_sdk_2_02_02_25\blelib\ctrl\cc2640\</path>
         <kind>archive</kind>
         <file>cc2640_ctrl_xxbx.a</file>
         <name>ll_rat_patch.o</name>
      </input_file>
      <input_file id="fl-36">
         <path>C:\ti\simplelink\ble_sdk_2_02_02_25\blelib\ctrl\cc2640\</path>
         <kind>archive</kind>
         <file>cc2640_ctrl_xxbx.a</file>
         <name>ll_scheduler_patch.o</name>
      </input_file>
      <input_file id="fl-37">
         <path>C:\ti\simplelink\ble_sdk_2_02_02_25\blelib\ctrl\cc2640\</path>
         <kind>archive</kind>
         <file>cc2640_ctrl_xxbx.a</file>
         <name>ll_sleep.o</name>
      </input_file>
      <input_file id="fl-38">
         <path>C:\ti\simplelink\ble_sdk_2_02_02_25\blelib\ctrl\cc2640\</path>
         <kind>archive</kind>
         <file>cc2640_ctrl_xxbx.a</file>
         <name>ll_wl_patch.o</name>
      </input_file>
      <input_file id="fl-39">
         <path>C:\ti\simplelink\ble_sdk_2_02_02_25\blelib\ctrl\cc2640\</path>
         <kind>archive</kind>
         <file>cc2640_ctrl_xxbx.a</file>
         <name>ll_isr.o</name>
      </input_file>
      <input_file id="fl-3a">
         <path>C:\ti\simplelink\ble_sdk_2_02_02_25\blelib\hci_tl\cc26xx\</path>
         <kind>archive</kind>
         <file>cc26xx_hci_tl_none.a</file>
         <name>hci_tl.o</name>
      </input_file>
      <input_file id="fl-f0">
         <path>C:\ti\ccs901\ccs\tools\compiler\ti-cgt-arm_18.12.1.LTS\lib\</path>
         <kind>archive</kind>
         <file>rtsv7M3_T_le_eabi.lib</file>
         <name>ull_div_t2.asm.obj</name>
      </input_file>
      <input_file id="fl-f1">
         <path>C:\ti\ccs901\ccs\tools\compiler\ti-cgt-arm_18.12.1.LTS\lib\</path>
         <kind>archive</kind>
         <file>rtsv7M3_T_le_eabi.lib</file>
         <name>ll_mul_t2.asm.obj</name>
      </input_file>
      <input_file id="fl-f2">
         <path>C:\ti\ccs901\ccs\tools\compiler\ti-cgt-arm_18.12.1.LTS\lib\</path>
         <kind>archive</kind>
         <file>rtsv7M3_T_le_eabi.lib</file>
         <name>memcpy_t2.asm.obj</name>
      </input_file>
      <input_file id="fl-f3">
         <path>C:\ti\ccs901\ccs\tools\compiler\ti-cgt-arm_18.12.1.LTS\lib\</path>
         <kind>archive</kind>
         <file>rtsv7M3_T_le_eabi.lib</file>
         <name>memset_t2.asm.obj</name>
      </input_file>
      <input_file id="fl-f4">
         <path>C:\ti\ccs901\ccs\tools\compiler\ti-cgt-arm_18.12.1.LTS\lib\</path>
         <kind>archive</kind>
         <file>rtsv7M3_T_le_eabi.lib</file>
         <name>autoinit.c.obj</name>
      </input_file>
      <input_file id="fl-fc">
         <path>C:\ti\ccs901\ccs\tools\compiler\ti-cgt-arm_18.12.1.LTS\lib\</path>
         <kind>archive</kind>
         <file>rtsv7M3_T_le_eabi.lib</file>
         <name>div0.asm.obj</name>
      </input_file>
      <input_file id="fl-fd">
         <path>C:\ti\tirtos_cc13xx_cc26xx_2_21_01_08\products\cc26xxware_2_24_03_17272\driverlib\bin\ccs\</path>
         <kind>archive</kind>
         <file>driverlib.lib</file>
         <name>cpu.obj</name>
      </input_file>
   </input_file_list>
   <object_component_list>
      <object_component id="oc-23">
         <name>EntrySection</name>
         <load_address>0x18000</load_address>
         <run_address>0x18000</run_address>
         <size>0x364</size>
         <input_file_ref idref="fl-14"/>
      </object_component>
      <object_component id="oc-9b2">
         <name>.tramp.__TI_auto_init_nobinit_nopinit.1</name>
         <load_address>0x18364</load_address>
         <run_address>0x18364</run_address>
         <size>0x8</size>
         <input_file_ref idref="fl-f4"/>
      </object_component>
      <object_component id="oc-9b3">
         <name>.tramp.ICall_enrollService$18.1</name>
         <load_address>0x1836c</load_address>
         <run_address>0x1836c</run_address>
         <size>0x8</size>
         <input_file_ref idref="fl-102"/>
      </object_component>
      <object_component id="oc-9b4">
         <name>.tramp.halAssertHandlerExt.1</name>
         <load_address>0x18374</load_address>
         <run_address>0x18374</run_address>
         <size>0x8</size>
         <input_file_ref idref="fl-102"/>
      </object_component>
      <object_component id="oc-9b5">
         <name>.tramp.HalFlashRead.1</name>
         <load_address>0x1837c</load_address>
         <run_address>0x1837c</run_address>
         <size>0x8</size>
         <input_file_ref idref="fl-102"/>
      </object_component>
      <object_component id="oc-9b6">
         <name>.tramp.findOffset$13.1</name>
         <load_address>0x18384</load_address>
         <run_address>0x18384</run_address>
         <size>0x8</size>
         <input_file_ref idref="fl-102"/>
      </object_component>
      <object_component id="oc-9b7">
         <name>.tramp.compactPage$13.1</name>
         <load_address>0x1838c</load_address>
         <run_address>0x1838c</run_address>
         <size>0x8</size>
         <input_file_ref idref="fl-102"/>
      </object_component>
      <object_component id="oc-9b8">
         <name>.tramp.erasePage$13.1</name>
         <load_address>0x18394</load_address>
         <run_address>0x18394</run_address>
         <size>0x8</size>
         <input_file_ref idref="fl-102"/>
      </object_component>
      <object_component id="oc-9b9">
         <name>.tramp.setActivePage$13.1</name>
         <load_address>0x1839c</load_address>
         <run_address>0x1839c</run_address>
         <size>0x8</size>
         <input_file_ref idref="fl-102"/>
      </object_component>
      <object_component id="oc-9ba">
         <name>.tramp.ICall_getTicks$14.1</name>
         <load_address>0x183a4</load_address>
         <run_address>0x183a4</run_address>
         <size>0x8</size>
         <input_file_ref idref="fl-102"/>
      </object_component>
      <object_component id="oc-9bb">
         <name>.tramp.osal_mem_alloc.1</name>
         <load_address>0x183ac</load_address>
         <run_address>0x183ac</run_address>
         <size>0x8</size>
         <input_file_ref idref="fl-102"/>
      </object_component>
      <object_component id="oc-9bc">
         <name>.tramp.osal_memset.1</name>
         <load_address>0x183b4</load_address>
         <run_address>0x183b4</run_address>
         <size>0x8</size>
         <input_file_ref idref="fl-102"/>
      </object_component>
      <object_component id="oc-9bd">
         <name>.tramp.LL_Init.1</name>
         <load_address>0x183bc</load_address>
         <run_address>0x183bc</run_address>
         <size>0x8</size>
         <input_file_ref idref="fl-34"/>
      </object_component>
      <object_component id="oc-9be">
         <name>.tramp.HCI_Init.1</name>
         <load_address>0x183c4</load_address>
         <run_address>0x183c4</run_address>
         <size>0x8</size>
         <input_file_ref idref="fl-3a"/>
      </object_component>
      <object_component id="oc-9bf">
         <name>.tramp.GAP_Init.1</name>
         <load_address>0x183cc</load_address>
         <run_address>0x183cc</run_address>
         <size>0x8</size>
         <input_file_ref idref="fl-29"/>
      </object_component>
      <object_component id="oc-9c0">
         <name>.tramp.ICall_setTimer$7.1</name>
         <load_address>0x183d4</load_address>
         <run_address>0x183d4</run_address>
         <size>0x8</size>
         <input_file_ref idref="fl-102"/>
      </object_component>
      <object_component id="oc-9c1">
         <name>.tramp.ICall_abort$7.1</name>
         <load_address>0x183dc</load_address>
         <run_address>0x183dc</run_address>
         <size>0x8</size>
         <input_file_ref idref="fl-102"/>
      </object_component>
      <object_component id="oc-9c2">
         <name>.tramp.osal_next_timeout.1</name>
         <load_address>0x183e4</load_address>
         <run_address>0x183e4</run_address>
         <size>0x8</size>
         <input_file_ref idref="fl-102"/>
      </object_component>
      <object_component id="oc-9c3">
         <name>.tramp.osal_timer_refTimeUpdate.1</name>
         <load_address>0x183ec</load_address>
         <run_address>0x183ec</run_address>
         <size>0x8</size>
         <input_file_ref idref="fl-102"/>
      </object_component>
      <object_component id="oc-9c4">
         <name>.tramp.osal_alien2proxy$7.1</name>
         <load_address>0x183f4</load_address>
         <run_address>0x183f4</run_address>
         <size>0x8</size>
         <input_file_ref idref="fl-102"/>
      </object_component>
      <object_component id="oc-9c5">
         <name>.tramp.osal_msg_send.1</name>
         <load_address>0x183fc</load_address>
         <run_address>0x183fc</run_address>
         <size>0x8</size>
         <input_file_ref idref="fl-102"/>
      </object_component>
      <object_component id="oc-9c6">
         <name>.tramp.ICall_setTimerMSecs$7.1</name>
         <load_address>0x18404</load_address>
         <run_address>0x18404</run_address>
         <size>0x8</size>
         <input_file_ref idref="fl-102"/>
      </object_component>
      <object_component id="oc-5d4">
         <name>.text</name>
         <load_address>0x1840c</load_address>
         <run_address>0x1840c</run_address>
         <size>0x328</size>
         <input_file_ref idref="fl-26"/>
      </object_component>
      <object_component id="oc-831">
         <name>.text</name>
         <load_address>0x18734</load_address>
         <run_address>0x18734</run_address>
         <size>0xb0</size>
         <input_file_ref idref="fl-27"/>
      </object_component>
      <object_component id="oc-8ac">
         <name>.text</name>
         <load_address>0x187e4</load_address>
         <run_address>0x187e4</run_address>
         <size>0x624</size>
         <input_file_ref idref="fl-28"/>
      </object_component>
      <object_component id="oc-2f2">
         <name>.text</name>
         <load_address>0x18e08</load_address>
         <run_address>0x18e08</run_address>
         <size>0x144</size>
         <input_file_ref idref="fl-29"/>
      </object_component>
      <object_component id="oc-7b5">
         <name>.text</name>
         <load_address>0x18f4c</load_address>
         <run_address>0x18f4c</run_address>
         <size>0x32a</size>
         <input_file_ref idref="fl-2a"/>
      </object_component>
      <object_component id="oc-76c">
         <name>.text</name>
         <load_address>0x19276</load_address>
         <run_address>0x19276</run_address>
         <size>0x2</size>
         <input_file_ref idref="fl-fc"/>
      </object_component>
      <object_component id="oc-67c">
         <name>.text</name>
         <load_address>0x19278</load_address>
         <run_address>0x19278</run_address>
         <size>0x130</size>
         <input_file_ref idref="fl-2e"/>
      </object_component>
      <object_component id="oc-4a3">
         <name>.text</name>
         <load_address>0x193a8</load_address>
         <run_address>0x193a8</run_address>
         <size>0x43e</size>
         <input_file_ref idref="fl-2f"/>
      </object_component>
      <object_component id="oc-696">
         <name>.text</name>
         <load_address>0x197e8</load_address>
         <run_address>0x197e8</run_address>
         <size>0x23c</size>
         <input_file_ref idref="fl-30"/>
      </object_component>
      <object_component id="oc-715">
         <name>.text</name>
         <load_address>0x19a24</load_address>
         <run_address>0x19a24</run_address>
         <size>0xd0</size>
         <input_file_ref idref="fl-31"/>
      </object_component>
      <object_component id="oc-4e2">
         <name>.text</name>
         <load_address>0x19af4</load_address>
         <run_address>0x19af4</run_address>
         <size>0x340</size>
         <input_file_ref idref="fl-32"/>
      </object_component>
      <object_component id="oc-244">
         <name>.text</name>
         <load_address>0x19e34</load_address>
         <run_address>0x19e34</run_address>
         <size>0x115c</size>
         <input_file_ref idref="fl-34"/>
      </object_component>
      <object_component id="oc-550">
         <name>.text</name>
         <load_address>0x1af90</load_address>
         <run_address>0x1af90</run_address>
         <size>0x10</size>
         <input_file_ref idref="fl-35"/>
      </object_component>
      <object_component id="oc-529">
         <name>.text</name>
         <load_address>0x1afa0</load_address>
         <run_address>0x1afa0</run_address>
         <size>0x178</size>
         <input_file_ref idref="fl-36"/>
      </object_component>
      <object_component id="oc-662">
         <name>.text</name>
         <load_address>0x1b118</load_address>
         <run_address>0x1b118</run_address>
         <size>0x46</size>
         <input_file_ref idref="fl-37"/>
      </object_component>
      <object_component id="oc-6fb">
         <name>.text</name>
         <load_address>0x1b15e</load_address>
         <run_address>0x1b15e</run_address>
         <size>0xae</size>
         <input_file_ref idref="fl-38"/>
      </object_component>
      <object_component id="oc-575">
         <name>.text</name>
         <load_address>0x1b20c</load_address>
         <run_address>0x1b20c</run_address>
         <size>0x1e8</size>
         <input_file_ref idref="fl-39"/>
      </object_component>
      <object_component id="oc-2ce">
         <name>.text</name>
         <load_address>0x1b3f4</load_address>
         <run_address>0x1b3f4</run_address>
         <size>0xa8</size>
         <input_file_ref idref="fl-3a"/>
      </object_component>
      <object_component id="oc-487">
         <name>.text</name>
         <load_address>0x1b49c</load_address>
         <run_address>0x1b49c</run_address>
         <size>0x96</size>
         <input_file_ref idref="fl-f0"/>
      </object_component>
      <object_component id="oc-48c">
         <name>.text</name>
         <load_address>0x1b532</load_address>
         <run_address>0x1b532</run_address>
         <size>0x18</size>
         <input_file_ref idref="fl-f1"/>
      </object_component>
      <object_component id="oc-204">
         <name>.text</name>
         <load_address>0x1b54a</load_address>
         <run_address>0x1b54a</run_address>
         <size>0x9c</size>
         <input_file_ref idref="fl-f2"/>
      </object_component>
      <object_component id="oc-42d">
         <name>.text</name>
         <load_address>0x1b5e6</load_address>
         <run_address>0x1b5e6</run_address>
         <size>0x7a</size>
         <input_file_ref idref="fl-f3"/>
      </object_component>
      <object_component id="oc-433">
         <name>.text:__TI_auto_init_nobinit_nopinit:__TI_auto_init_nobinit_nopinit</name>
         <load_address>0x1b660</load_address>
         <run_address>0x1b660</run_address>
         <size>0x44</size>
         <input_file_ref idref="fl-f4"/>
      </object_component>
      <object_component id="oc-880">
         <name>.text:NOROM_CPUcpsie</name>
         <load_address>0x1b6a4</load_address>
         <run_address>0x1b6a4</run_address>
         <size>0xc</size>
         <input_file_ref idref="fl-fd"/>
      </object_component>
      <object_component id="oc-87a">
         <name>.text:NOROM_CPUcpsid</name>
         <load_address>0x1b6b0</load_address>
         <run_address>0x1b6b0</run_address>
         <size>0xc</size>
         <input_file_ref idref="fl-fd"/>
      </object_component>
      <object_component id="oc-232">
         <name>.text</name>
         <load_address>0x1b6bc</load_address>
         <run_address>0x1b6bc</run_address>
         <size>0x2f4</size>
         <input_file_ref idref="fl-11"/>
      </object_component>
      <object_component id="oc-650">
         <name>.text</name>
         <load_address>0x1b9b0</load_address>
         <run_address>0x1b9b0</run_address>
         <size>0x36</size>
         <input_file_ref idref="fl-16"/>
      </object_component>
      <object_component id="oc-497">
         <name>.text</name>
         <load_address>0x1b9e8</load_address>
         <run_address>0x1b9e8</run_address>
         <size>0x78</size>
         <input_file_ref idref="fl-6"/>
      </object_component>
      <object_component id="oc-220">
         <name>.text</name>
         <load_address>0x1ba60</load_address>
         <run_address>0x1ba60</run_address>
         <size>0x20</size>
         <input_file_ref idref="fl-3"/>
      </object_component>
      <object_component id="oc-65c">
         <name>.text:NOROM_IntDisable</name>
         <load_address>0x1ba80</load_address>
         <run_address>0x1ba80</run_address>
         <size>0x68</size>
         <input_file_ref idref="fl-ff"/>
      </object_component>
      <object_component id="oc-656">
         <name>.text:NOROM_IntEnable</name>
         <load_address>0x1bae8</load_address>
         <run_address>0x1bae8</run_address>
         <size>0x5c</size>
         <input_file_ref idref="fl-ff"/>
      </object_component>
      <object_component id="oc-49d">
         <name>.text</name>
         <load_address>0x1bb44</load_address>
         <run_address>0x1bb44</run_address>
         <size>0x14</size>
         <input_file_ref idref="fl-17"/>
      </object_component>
      <object_component id="oc-5b3">
         <name>.text</name>
         <load_address>0x1bb58</load_address>
         <run_address>0x1bb58</run_address>
         <size>0xc8</size>
         <input_file_ref idref="fl-b"/>
      </object_component>
      <object_component id="oc-23e">
         <name>.text</name>
         <load_address>0x1bc20</load_address>
         <run_address>0x1bc20</run_address>
         <size>0x478</size>
         <input_file_ref idref="fl-a"/>
      </object_component>
      <object_component id="oc-72f">
         <name>.text</name>
         <load_address>0x1c098</load_address>
         <run_address>0x1c098</run_address>
         <size>0x9c</size>
         <input_file_ref idref="fl-c"/>
      </object_component>
      <object_component id="oc-735">
         <name>.text</name>
         <load_address>0x1c134</load_address>
         <run_address>0x1c134</run_address>
         <size>0x5fc</size>
         <input_file_ref idref="fl-8"/>
      </object_component>
      <object_component id="oc-226">
         <name>.text</name>
         <load_address>0x1c730</load_address>
         <run_address>0x1c730</run_address>
         <size>0x58</size>
         <input_file_ref idref="fl-4"/>
      </object_component>
      <object_component id="oc-22c">
         <name>.text</name>
         <load_address>0x1c788</load_address>
         <run_address>0x1c788</run_address>
         <size>0x294</size>
         <input_file_ref idref="fl-10"/>
      </object_component>
      <object_component id="oc-46f">
         <name>.text:NOROM_VIMSModeGet</name>
         <load_address>0x1ca1c</load_address>
         <run_address>0x1ca1c</run_address>
         <size>0x14</size>
         <input_file_ref idref="fl-101"/>
      </object_component>
      <object_component id="oc-465">
         <name>.text:NOROM_FlashProgram</name>
         <load_address>0x1ca30</load_address>
         <run_address>0x1ca30</run_address>
         <size>0x1c</size>
         <input_file_ref idref="fl-fe"/>
      </object_component>
      <object_component id="oc-475">
         <name>.text:memcmp</name>
         <load_address>0x1ca4c</load_address>
         <run_address>0x1ca4c</run_address>
         <size>0x24</size>
         <input_file_ref idref="fl-fa"/>
      </object_component>
      <object_component id="oc-47b">
         <name>.text:NOROM_FlashSectorErase</name>
         <load_address>0x1ca70</load_address>
         <run_address>0x1ca70</run_address>
         <size>0x1c</size>
         <input_file_ref idref="fl-fe"/>
      </object_component>
      <object_component id="oc-64a">
         <name>.text</name>
         <load_address>0x1ca8c</load_address>
         <run_address>0x1ca8c</run_address>
         <size>0x90</size>
         <input_file_ref idref="fl-f"/>
      </object_component>
      <object_component id="oc-238">
         <name>.text</name>
         <load_address>0x1cb1c</load_address>
         <run_address>0x1cb1c</run_address>
         <size>0x44</size>
         <input_file_ref idref="fl-e"/>
      </object_component>
      <object_component id="oc-21a">
         <name>.text</name>
         <load_address>0x1cb60</load_address>
         <run_address>0x1cb60</run_address>
         <size>0x38</size>
         <input_file_ref idref="fl-15"/>
      </object_component>
      <object_component id="oc-20d">
         <name>.text:decompress:ZI:__TI_zero_init_nomemset:__TI_zero_init_nomemset</name>
         <load_address>0x1cb98</load_address>
         <run_address>0x1cb98</run_address>
         <size>0x12</size>
         <input_file_ref idref="fl-f6"/>
      </object_component>
      <object_component id="oc-1c">
         <name>.text:decompress:none:__TI_decompress_none</name>
         <load_address>0x1cbaa</load_address>
         <run_address>0x1cbaa</run_address>
         <size>0xe</size>
         <input_file_ref idref="fl-f7"/>
      </object_component>
      <object_component id="oc-16">
         <name>.text:decompress:lzss:__TI_decompress_lzss</name>
         <load_address>0x1cbb8</load_address>
         <run_address>0x1cbb8</run_address>
         <size>0x68</size>
         <input_file_ref idref="fl-f8"/>
      </object_component>
      <object_component id="oc-9c8">
         <name>.tramp.HCI_ReadBDADDRCmd.1</name>
         <load_address>0x1cc20</load_address>
         <run_address>0x1cc20</run_address>
         <size>0x8</size>
         <input_file_ref idref="fl-22"/>
      </object_component>
      <object_component id="oc-9d4">
         <name>.tramp.HCI_LE_SetRandomAddressCmd.1</name>
         <load_address>0x1cc28</load_address>
         <run_address>0x1cc28</run_address>
         <size>0x8</size>
         <input_file_ref idref="fl-22"/>
      </object_component>
      <object_component id="oc-9d8">
         <name>.tramp.LL_ReadBDADDR.1</name>
         <load_address>0x1cc30</load_address>
         <run_address>0x1cc30</run_address>
         <size>0x8</size>
         <input_file_ref idref="fl-22"/>
      </object_component>
      <object_component id="oc-9db">
         <name>.tramp.HCI_LE_SetAdvDataCmd.1</name>
         <load_address>0x1cc38</load_address>
         <run_address>0x1cc38</run_address>
         <size>0x8</size>
         <input_file_ref idref="fl-22"/>
      </object_component>
      <object_component id="oc-9dc">
         <name>.tramp.HCI_LE_SetScanRspDataCmd.1</name>
         <load_address>0x1cc40</load_address>
         <run_address>0x1cc40</run_address>
         <size>0x8</size>
         <input_file_ref idref="fl-22"/>
      </object_component>
      <object_component id="oc-9dd">
         <name>.tramp.HCI_LE_SetAdvEnableCmd.1</name>
         <load_address>0x1cc48</load_address>
         <run_address>0x1cc48</run_address>
         <size>0x8</size>
         <input_file_ref idref="fl-22"/>
      </object_component>
      <object_component id="oc-9e1">
         <name>.tramp.HCI_LE_SetAdvParamCmd.1</name>
         <load_address>0x1cc50</load_address>
         <run_address>0x1cc50</run_address>
         <size>0x8</size>
         <input_file_ref idref="fl-22"/>
      </object_component>
      <object_component id="oc-9e7">
         <name>.tramp.LL_Encrypt.1</name>
         <load_address>0x1cc58</load_address>
         <run_address>0x1cc58</run_address>
         <size>0x8</size>
         <input_file_ref idref="fl-22"/>
      </object_component>
      <object_component id="oc-9e8">
         <name>.tramp.llPatchCM0.1</name>
         <load_address>0x1cc60</load_address>
         <run_address>0x1cc60</run_address>
         <size>0x8</size>
         <input_file_ref idref="fl-22"/>
      </object_component>
      <object_component id="oc-9e9">
         <name>.tramp.RFHAL_AllocRatChan.1</name>
         <load_address>0x1cc68</load_address>
         <run_address>0x1cc68</run_address>
         <size>0x8</size>
         <input_file_ref idref="fl-22"/>
      </object_component>
      <object_component id="oc-9ea">
         <name>.tramp.RFHAL_RegisterRatChanCallback.1</name>
         <load_address>0x1cc70</load_address>
         <run_address>0x1cc70</run_address>
         <size>0x8</size>
         <input_file_ref idref="fl-22"/>
      </object_component>
      <object_component id="oc-9eb">
         <name>.tramp.HCI_SendCommandCompleteEvent.1</name>
         <load_address>0x1cc78</load_address>
         <run_address>0x1cc78</run_address>
         <size>0x8</size>
         <input_file_ref idref="fl-22"/>
      </object_component>
      <object_component id="oc-9ed">
         <name>.tramp.HCI_CommandCompleteEvent.1</name>
         <load_address>0x1cc80</load_address>
         <run_address>0x1cc80</run_address>
         <size>0x8</size>
         <input_file_ref idref="fl-22"/>
      </object_component>
      <object_component id="oc-9f0">
         <name>.tramp.LL_EXT_ResetSystem.1</name>
         <load_address>0x1cc88</load_address>
         <run_address>0x1cc88</run_address>
         <size>0x8</size>
         <input_file_ref idref="fl-22"/>
      </object_component>
      <object_component id="oc-9f1">
         <name>.tramp.LL_ReadLocalVersionInfo.1</name>
         <load_address>0x1cc90</load_address>
         <run_address>0x1cc90</run_address>
         <size>0x8</size>
         <input_file_ref idref="fl-22"/>
      </object_component>
      <object_component id="oc-9f4">
         <name>.tramp.LL_ENC_GeneratePseudoRandNum.1</name>
         <load_address>0x1cc98</load_address>
         <run_address>0x1cc98</run_address>
         <size>0x8</size>
         <input_file_ref idref="fl-22"/>
      </object_component>
      <object_component id="oc-9f5">
         <name>.tramp.llScheduler.1</name>
         <load_address>0x1cca0</load_address>
         <run_address>0x1cca0</run_address>
         <size>0x8</size>
         <input_file_ref idref="fl-22"/>
      </object_component>
      <object_component id="oc-9f6">
         <name>.tramp.llEventDelta.1</name>
         <load_address>0x1cca8</load_address>
         <run_address>0x1cca8</run_address>
         <size>0x8</size>
         <input_file_ref idref="fl-22"/>
      </object_component>
      <object_component id="oc-9fa">
         <name>.tramp.llGetCurrentTask.1</name>
         <load_address>0x1ccb0</load_address>
         <run_address>0x1ccb0</run_address>
         <size>0x8</size>
         <input_file_ref idref="fl-22"/>
      </object_component>
      <object_component id="oc-9fc">
         <name>.tramp.WL_Init.1</name>
         <load_address>0x1ccb8</load_address>
         <run_address>0x1ccb8</run_address>
         <size>0x8</size>
         <input_file_ref idref="fl-22"/>
      </object_component>
      <object_component id="oc-9fd">
         <name>.tramp.LL_ENC_Init.1</name>
         <load_address>0x1ccc0</load_address>
         <run_address>0x1ccc0</run_address>
         <size>0x8</size>
         <input_file_ref idref="fl-22"/>
      </object_component>
      <object_component id="oc-9fe">
         <name>.tramp.LL_ClearWhiteList.1</name>
         <load_address>0x1ccc8</load_address>
         <run_address>0x1ccc8</run_address>
         <size>0x8</size>
         <input_file_ref idref="fl-22"/>
      </object_component>
      <object_component id="oc-a00">
         <name>.tramp.LL_DirectTestEndDoneCback.1</name>
         <load_address>0x1ccd0</load_address>
         <run_address>0x1ccd0</run_address>
         <size>0x8</size>
         <input_file_ref idref="fl-22"/>
      </object_component>
      <object_component id="oc-a02">
         <name>.tramp.llSetupAdv.1</name>
         <load_address>0x1ccd8</load_address>
         <run_address>0x1ccd8</run_address>
         <size>0x8</size>
         <input_file_ref idref="fl-22"/>
      </object_component>
      <object_component id="oc-a04">
         <name>.tramp.llGetNumTasks.1</name>
         <load_address>0x1cce0</load_address>
         <run_address>0x1cce0</run_address>
         <size>0x8</size>
         <input_file_ref idref="fl-22"/>
      </object_component>
      <object_component id="oc-a05">
         <name>.tramp.llFreeTask.1</name>
         <load_address>0x1cce8</load_address>
         <run_address>0x1cce8</run_address>
         <size>0x8</size>
         <input_file_ref idref="fl-22"/>
      </object_component>
      <object_component id="oc-a06">
         <name>.tramp.WL_ClearEntry.1</name>
         <load_address>0x1ccf0</load_address>
         <run_address>0x1ccf0</run_address>
         <size>0x8</size>
         <input_file_ref idref="fl-22"/>
      </object_component>
      <object_component id="oc-a09">
         <name>.tramp.LL_PseudoRand.1</name>
         <load_address>0x1ccf8</load_address>
         <run_address>0x1ccf8</run_address>
         <size>0x8</size>
         <input_file_ref idref="fl-22"/>
      </object_component>
      <object_component id="oc-a0f">
         <name>.tramp.HCI_EXT_BuildRevisionCmd.1</name>
         <load_address>0x1cd00</load_address>
         <run_address>0x1cd00</run_address>
         <size>0x8</size>
         <input_file_ref idref="fl-22"/>
      </object_component>
      <object_component id="oc-a10">
         <name>.tramp.HCI_EXT_AdvEventNoticeCmd.1</name>
         <load_address>0x1cd08</load_address>
         <run_address>0x1cd08</run_address>
         <size>0x8</size>
         <input_file_ref idref="fl-22"/>
      </object_component>
      <object_component id="oc-a11">
         <name>.tramp.HCI_EXT_SetMaxDtmTxPowerCmd.1</name>
         <load_address>0x1cd10</load_address>
         <run_address>0x1cd10</run_address>
         <size>0x8</size>
         <input_file_ref idref="fl-22"/>
      </object_component>
      <object_component id="oc-a12">
         <name>.tramp.HCI_EXT_EnablePTMCmd.1</name>
         <load_address>0x1cd18</load_address>
         <run_address>0x1cd18</run_address>
         <size>0x8</size>
         <input_file_ref idref="fl-22"/>
      </object_component>
      <object_component id="oc-a13">
         <name>.tramp.HCI_EXT_SetBDADDRCmd.1</name>
         <load_address>0x1cd20</load_address>
         <run_address>0x1cd20</run_address>
         <size>0x8</size>
         <input_file_ref idref="fl-22"/>
      </object_component>
      <object_component id="oc-a14">
         <name>.tramp.HCI_EXT_EndModemTestCmd.1</name>
         <load_address>0x1cd28</load_address>
         <run_address>0x1cd28</run_address>
         <size>0x8</size>
         <input_file_ref idref="fl-22"/>
      </object_component>
      <object_component id="oc-a15">
         <name>.tramp.HCI_EXT_ModemTestRxCmd.1</name>
         <load_address>0x1cd30</load_address>
         <run_address>0x1cd30</run_address>
         <size>0x8</size>
         <input_file_ref idref="fl-22"/>
      </object_component>
      <object_component id="oc-a16">
         <name>.tramp.HCI_EXT_ModemHopTestTxCmd.1</name>
         <load_address>0x1cd38</load_address>
         <run_address>0x1cd38</run_address>
         <size>0x8</size>
         <input_file_ref idref="fl-22"/>
      </object_component>
      <object_component id="oc-a17">
         <name>.tramp.HCI_EXT_ModemTestTxCmd.1</name>
         <load_address>0x1cd40</load_address>
         <run_address>0x1cd40</run_address>
         <size>0x8</size>
         <input_file_ref idref="fl-22"/>
      </object_component>
      <object_component id="oc-a18">
         <name>.tramp.HCI_EXT_SetLocalSupportedFeaturesCmd.1</name>
         <load_address>0x1cd48</load_address>
         <run_address>0x1cd48</run_address>
         <size>0x8</size>
         <input_file_ref idref="fl-22"/>
      </object_component>
      <object_component id="oc-a19">
         <name>.tramp.HCI_EXT_DecryptCmd.1</name>
         <load_address>0x1cd50</load_address>
         <run_address>0x1cd50</run_address>
         <size>0x8</size>
         <input_file_ref idref="fl-22"/>
      </object_component>
      <object_component id="oc-a1a">
         <name>.tramp.HCI_EXT_SetTxPowerCmd.1</name>
         <load_address>0x1cd58</load_address>
         <run_address>0x1cd58</run_address>
         <size>0x8</size>
         <input_file_ref idref="fl-22"/>
      </object_component>
      <object_component id="oc-a1b">
         <name>.tramp.HCI_LE_TestEndCmd.1</name>
         <load_address>0x1cd60</load_address>
         <run_address>0x1cd60</run_address>
         <size>0x8</size>
         <input_file_ref idref="fl-22"/>
      </object_component>
      <object_component id="oc-a1c">
         <name>.tramp.HCI_LE_ReadSupportedStatesCmd.1</name>
         <load_address>0x1cd68</load_address>
         <run_address>0x1cd68</run_address>
         <size>0x8</size>
         <input_file_ref idref="fl-22"/>
      </object_component>
      <object_component id="oc-a1d">
         <name>.tramp.HCI_LE_EncryptCmd.1</name>
         <load_address>0x1cd70</load_address>
         <run_address>0x1cd70</run_address>
         <size>0x8</size>
         <input_file_ref idref="fl-22"/>
      </object_component>
      <object_component id="oc-a1e">
         <name>.tramp.HCI_LE_RemoveWhiteListCmd.1</name>
         <load_address>0x1cd78</load_address>
         <run_address>0x1cd78</run_address>
         <size>0x8</size>
         <input_file_ref idref="fl-22"/>
      </object_component>
      <object_component id="oc-a1f">
         <name>.tramp.HCI_LE_AddWhiteListCmd.1</name>
         <load_address>0x1cd80</load_address>
         <run_address>0x1cd80</run_address>
         <size>0x8</size>
         <input_file_ref idref="fl-22"/>
      </object_component>
      <object_component id="oc-a20">
         <name>.tramp.HCI_LE_ClearWhiteListCmd.1</name>
         <load_address>0x1cd88</load_address>
         <run_address>0x1cd88</run_address>
         <size>0x8</size>
         <input_file_ref idref="fl-22"/>
      </object_component>
      <object_component id="oc-a21">
         <name>.tramp.HCI_LE_ReadWhiteListSizeCmd.1</name>
         <load_address>0x1cd90</load_address>
         <run_address>0x1cd90</run_address>
         <size>0x8</size>
         <input_file_ref idref="fl-22"/>
      </object_component>
      <object_component id="oc-a22">
         <name>.tramp.HCI_LE_ReadAdvChanTxPowerCmd.1</name>
         <load_address>0x1cd98</load_address>
         <run_address>0x1cd98</run_address>
         <size>0x8</size>
         <input_file_ref idref="fl-22"/>
      </object_component>
      <object_component id="oc-a23">
         <name>.tramp.HCI_LE_ReadLocalSupportedFeaturesCmd.1</name>
         <load_address>0x1cda0</load_address>
         <run_address>0x1cda0</run_address>
         <size>0x8</size>
         <input_file_ref idref="fl-22"/>
      </object_component>
      <object_component id="oc-a24">
         <name>.tramp.HCI_ReadLocalSupportedFeaturesCmd.1</name>
         <load_address>0x1cda8</load_address>
         <run_address>0x1cda8</run_address>
         <size>0x8</size>
         <input_file_ref idref="fl-22"/>
      </object_component>
      <object_component id="oc-a25">
         <name>.tramp.HCI_SetEventMaskCmd.1</name>
         <load_address>0x1cdb0</load_address>
         <run_address>0x1cdb0</run_address>
         <size>0x8</size>
         <input_file_ref idref="fl-22"/>
      </object_component>
      <object_component id="oc-33f">
         <name>.const:tasksArr</name>
         <load_address>0x1cdb8</load_address>
         <run_address>0x1cdb8</run_address>
         <size>0x14</size>
         <input_file_ref idref="fl-15"/>
      </object_component>
      <object_component id="oc-323">
         <name>.const:$O11$$</name>
         <load_address>0x1cdcc</load_address>
         <run_address>0x1cdcc</run_address>
         <size>0x6d0</size>
         <input_file_ref idref="fl-16"/>
      </object_component>
      <object_component id="oc-55e">
         <name>.rodata</name>
         <load_address>0x1d49c</load_address>
         <run_address>0x1d49c</run_address>
         <size>0x5c</size>
         <input_file_ref idref="fl-33"/>
      </object_component>
      <object_component id="oc-91c">
         <name>.rodata</name>
         <load_address>0x1d4f8</load_address>
         <run_address>0x1d4f8</run_address>
         <size>0x2</size>
         <input_file_ref idref="fl-34"/>
      </object_component>
      <object_component id="oc-9ae">
         <name>__TI_handler_table</name>
         <load_address>0x1d500</load_address>
         <run_address>0x1d500</run_address>
         <size>0xc</size>
      </object_component>
      <object_component id="oc-9af">
         <name>__TI_cinit_table</name>
         <load_address>0x1d50c</load_address>
         <run_address>0x1d50c</run_address>
         <size>0x10</size>
      </object_component>
      <object_component id="oc-9b0">
         <name>.cinit..data.load</name>
         <load_address>0x1d520</load_address>
         <run_address>0x1d520</run_address>
         <size>0x2ac</size>
      </object_component>
      <object_component id="oc-9b1">
         <name>.cinit..bss.load</name>
         <load_address>0x1d7d0</load_address>
         <run_address>0x1d7d0</run_address>
         <size>0x8</size>
      </object_component>
      <object_component id="oc-85f">
         <name>.data</name>
         <load_address>0x20004640</load_address>
         <run_address>0x20004640</run_address>
         <size>0x2c</size>
         <input_file_ref idref="fl-26"/>
      </object_component>
      <object_component id="oc-85d">
         <name>.data</name>
         <load_address>0x2000466c</load_address>
         <run_address>0x2000466c</run_address>
         <size>0x50</size>
         <input_file_ref idref="fl-26"/>
      </object_component>
      <object_component id="oc-963">
         <name>.data</name>
         <load_address>0x200046bc</load_address>
         <run_address>0x200046bc</run_address>
         <size>0x1c</size>
         <input_file_ref idref="fl-28"/>
      </object_component>
      <object_component id="oc-63a">
         <name>.data</name>
         <load_address>0x200046d8</load_address>
         <run_address>0x200046d8</run_address>
         <size>0xc</size>
         <input_file_ref idref="fl-29"/>
      </object_component>
      <object_component id="oc-326">
         <name>.data</name>
         <load_address>0x200046e4</load_address>
         <run_address>0x200046e4</run_address>
         <size>0x20</size>
         <input_file_ref idref="fl-33"/>
      </object_component>
      <object_component id="oc-55b">
         <name>.data</name>
         <load_address>0x20004708</load_address>
         <run_address>0x20004708</run_address>
         <size>0x120</size>
         <input_file_ref idref="fl-34"/>
      </object_component>
      <object_component id="oc-7af">
         <name>.data</name>
         <load_address>0x20004704</load_address>
         <run_address>0x20004704</run_address>
         <size>0x4</size>
         <input_file_ref idref="fl-b"/>
      </object_component>
      <object_component id="oc-329">
         <name>.data:$O1$$</name>
         <load_address>0x20004828</load_address>
         <run_address>0x20004828</run_address>
         <size>0x8</size>
         <input_file_ref idref="fl-3"/>
      </object_component>
      <object_component id="oc-32c">
         <name>.data:$O4$$</name>
         <load_address>0x20004830</load_address>
         <run_address>0x20004830</run_address>
         <size>0x28</size>
         <input_file_ref idref="fl-a"/>
      </object_component>
      <object_component id="oc-339">
         <name>.data:$O5$$</name>
         <load_address>0x20004858</load_address>
         <run_address>0x20004858</run_address>
         <size>0x7c</size>
         <input_file_ref idref="fl-c"/>
      </object_component>
      <object_component id="oc-491">
         <name>.data:$O6$$</name>
         <load_address>0x200048d4</load_address>
         <run_address>0x200048d4</run_address>
         <size>0x8</size>
         <input_file_ref idref="fl-d"/>
      </object_component>
      <object_component id="oc-335">
         <name>.data:$O7$$</name>
         <load_address>0x200048dc</load_address>
         <run_address>0x200048dc</run_address>
         <size>0x4</size>
         <input_file_ref idref="fl-f"/>
      </object_component>
      <object_component id="oc-32f">
         <name>.data:$O8$$</name>
         <load_address>0x200048e0</load_address>
         <run_address>0x200048e0</run_address>
         <size>0x4</size>
         <input_file_ref idref="fl-10"/>
      </object_component>
      <object_component id="oc-946">
         <name>.bss</name>
         <uninitialized>true</uninitialized>
         <run_address>0x200045b8</run_address>
         <size>0x4</size>
         <input_file_ref idref="fl-27"/>
      </object_component>
      <object_component id="oc-943">
         <name>.bss</name>
         <uninitialized>true</uninitialized>
         <run_address>0x200045bc</run_address>
         <size>0x4</size>
         <input_file_ref idref="fl-27"/>
      </object_component>
      <object_component id="oc-949">
         <name>.bss</name>
         <uninitialized>true</uninitialized>
         <run_address>0x200045c0</run_address>
         <size>0x1</size>
         <input_file_ref idref="fl-27"/>
      </object_component>
      <object_component id="oc-94c">
         <name>.bss</name>
         <uninitialized>true</uninitialized>
         <run_address>0x200045c4</run_address>
         <size>0x4</size>
         <input_file_ref idref="fl-29"/>
      </object_component>
      <object_component id="oc-937">
         <name>.bss</name>
         <uninitialized>true</uninitialized>
         <run_address>0x200045c1</run_address>
         <size>0x1</size>
         <input_file_ref idref="fl-2b"/>
      </object_component>
      <object_component id="oc-77f">
         <name>.bss</name>
         <uninitialized>true</uninitialized>
         <run_address>0x200045c8</run_address>
         <size>0x10</size>
         <input_file_ref idref="fl-2f"/>
      </object_component>
      <object_component id="oc-785">
         <name>.bss</name>
         <uninitialized>true</uninitialized>
         <run_address>0x200045d8</run_address>
         <size>0x8</size>
         <input_file_ref idref="fl-34"/>
      </object_component>
      <object_component id="oc-5b9">
         <name>.bss</name>
         <uninitialized>true</uninitialized>
         <run_address>0x200045c2</run_address>
         <size>0x1</size>
         <input_file_ref idref="fl-3a"/>
      </object_component>
      <object_component id="oc-5bc">
         <name>.bss</name>
         <uninitialized>true</uninitialized>
         <run_address>0x200045c3</run_address>
         <size>0x1</size>
         <input_file_ref idref="fl-3a"/>
      </object_component>
      <object_component id="oc-5bf">
         <name>.bss</name>
         <uninitialized>true</uninitialized>
         <run_address>0x200045e0</run_address>
         <size>0x1</size>
         <input_file_ref idref="fl-3a"/>
      </object_component>
      <object_component id="oc-5c2">
         <name>.bss</name>
         <uninitialized>true</uninitialized>
         <run_address>0x200045e1</run_address>
         <size>0x1</size>
         <input_file_ref idref="fl-3a"/>
      </object_component>
      <object_component id="oc-5c5">
         <name>.bss</name>
         <uninitialized>true</uninitialized>
         <run_address>0x200045e2</run_address>
         <size>0x1</size>
         <input_file_ref idref="fl-3a"/>
      </object_component>
      <object_component id="oc-5c8">
         <name>.bss</name>
         <uninitialized>true</uninitialized>
         <run_address>0x200045e3</run_address>
         <size>0x1</size>
         <input_file_ref idref="fl-3a"/>
      </object_component>
      <object_component id="oc-77a">
         <name>.bss</name>
         <uninitialized>true</uninitialized>
         <run_address>0x200045e4</run_address>
         <size>0x4</size>
         <input_file_ref idref="fl-6"/>
      </object_component>
      <object_component id="oc-33c">
         <name>.bss:$O3$$</name>
         <uninitialized>true</uninitialized>
         <run_address>0x200045e8</run_address>
         <size>0x3c</size>
         <input_file_ref idref="fl-8"/>
      </object_component>
      <object_component id="oc-332">
         <name>.bss:$O9$$</name>
         <uninitialized>true</uninitialized>
         <run_address>0x20004624</run_address>
         <size>0xc</size>
         <input_file_ref idref="fl-11"/>
      </object_component>
      <object_component id="oc-320">
         <name>.bss:$O10$$</name>
         <uninitialized>true</uninitialized>
         <run_address>0x20004630</run_address>
         <size>0xc</size>
         <input_file_ref idref="fl-14"/>
      </object_component>
      <object_component id="oc-338">
         <name>.common:tasksEvents</name>
         <uninitialized>true</uninitialized>
         <run_address>0x2000463c</run_address>
         <size>0x4</size>
      </object_component>
      <object_component id="oc-46b">
         <name>.TI.bound:NV_FLASH</name>
         <load_address>0x1e000</load_address>
         <run_address>0x1e000</run_address>
         <size>0x1000</size>
         <input_file_ref idref="fl-10"/>
      </object_component>
      <object_component id="oc-957">
         <name>.debug_line</name>
         <load_address>0x0</load_address>
         <run_address>0x0</run_address>
         <size>0x5a7</size>
         <input_file_ref idref="fl-26"/>
      </object_component>
      <object_component id="oc-5fa">
         <name>.debug_line</name>
         <load_address>0x5a7</load_address>
         <run_address>0x5a7</run_address>
         <size>0x7d</size>
         <input_file_ref idref="fl-26"/>
      </object_component>
      <object_component id="oc-5e1">
         <name>.debug_line</name>
         <load_address>0x624</load_address>
         <run_address>0x624</run_address>
         <size>0x7a</size>
         <input_file_ref idref="fl-26"/>
      </object_component>
      <object_component id="oc-5f1">
         <name>.debug_line</name>
         <load_address>0x69e</load_address>
         <run_address>0x69e</run_address>
         <size>0x84</size>
         <input_file_ref idref="fl-26"/>
      </object_component>
      <object_component id="oc-5f8">
         <name>.debug_line</name>
         <load_address>0x722</load_address>
         <run_address>0x722</run_address>
         <size>0x7e</size>
         <input_file_ref idref="fl-26"/>
      </object_component>
      <object_component id="oc-5d5">
         <name>.debug_line</name>
         <load_address>0x7a0</load_address>
         <run_address>0x7a0</run_address>
         <size>0x7b</size>
         <input_file_ref idref="fl-26"/>
      </object_component>
      <object_component id="oc-5d6">
         <name>.debug_line</name>
         <load_address>0x81b</load_address>
         <run_address>0x81b</run_address>
         <size>0x76</size>
         <input_file_ref idref="fl-26"/>
      </object_component>
      <object_component id="oc-5e8">
         <name>.debug_line</name>
         <load_address>0x891</load_address>
         <run_address>0x891</run_address>
         <size>0xc7</size>
         <input_file_ref idref="fl-26"/>
      </object_component>
      <object_component id="oc-5da">
         <name>.debug_line</name>
         <load_address>0x958</load_address>
         <run_address>0x958</run_address>
         <size>0x26</size>
         <input_file_ref idref="fl-26"/>
      </object_component>
      <object_component id="oc-5ef">
         <name>.debug_line</name>
         <load_address>0x97e</load_address>
         <run_address>0x97e</run_address>
         <size>0x8e</size>
         <input_file_ref idref="fl-26"/>
      </object_component>
      <object_component id="oc-5e7">
         <name>.debug_line</name>
         <load_address>0xa0c</load_address>
         <run_address>0xa0c</run_address>
         <size>0x96</size>
         <input_file_ref idref="fl-26"/>
      </object_component>
      <object_component id="oc-60a">
         <name>.debug_line</name>
         <load_address>0xaa2</load_address>
         <run_address>0xaa2</run_address>
         <size>0x7c</size>
         <input_file_ref idref="fl-26"/>
      </object_component>
      <object_component id="oc-608">
         <name>.debug_line</name>
         <load_address>0xb1e</load_address>
         <run_address>0xb1e</run_address>
         <size>0x86</size>
         <input_file_ref idref="fl-26"/>
      </object_component>
      <object_component id="oc-621">
         <name>.debug_line</name>
         <load_address>0xba4</load_address>
         <run_address>0xba4</run_address>
         <size>0x79</size>
         <input_file_ref idref="fl-26"/>
      </object_component>
      <object_component id="oc-61d">
         <name>.debug_line</name>
         <load_address>0xc1d</load_address>
         <run_address>0xc1d</run_address>
         <size>0xa6</size>
         <input_file_ref idref="fl-26"/>
      </object_component>
      <object_component id="oc-607">
         <name>.debug_line</name>
         <load_address>0xcc3</load_address>
         <run_address>0xcc3</run_address>
         <size>0x76</size>
         <input_file_ref idref="fl-26"/>
      </object_component>
      <object_component id="oc-60b">
         <name>.debug_line</name>
         <load_address>0xd39</load_address>
         <run_address>0xd39</run_address>
         <size>0x76</size>
         <input_file_ref idref="fl-26"/>
      </object_component>
      <object_component id="oc-60c">
         <name>.debug_line</name>
         <load_address>0xdaf</load_address>
         <run_address>0xdaf</run_address>
         <size>0x7d</size>
         <input_file_ref idref="fl-26"/>
      </object_component>
      <object_component id="oc-639">
         <name>.debug_line</name>
         <load_address>0xe2c</load_address>
         <run_address>0xe2c</run_address>
         <size>0x76</size>
         <input_file_ref idref="fl-26"/>
      </object_component>
      <object_component id="oc-62a">
         <name>.debug_line</name>
         <load_address>0xea2</load_address>
         <run_address>0xea2</run_address>
         <size>0x87</size>
         <input_file_ref idref="fl-26"/>
      </object_component>
      <object_component id="oc-615">
         <name>.debug_line</name>
         <load_address>0xf29</load_address>
         <run_address>0xf29</run_address>
         <size>0x86</size>
         <input_file_ref idref="fl-26"/>
      </object_component>
      <object_component id="oc-97a">
         <name>.debug_line</name>
         <load_address>0xfaf</load_address>
         <run_address>0xfaf</run_address>
         <size>0x521</size>
         <input_file_ref idref="fl-27"/>
      </object_component>
      <object_component id="oc-85a">
         <name>.debug_line</name>
         <load_address>0x14d0</load_address>
         <run_address>0x14d0</run_address>
         <size>0x73</size>
         <input_file_ref idref="fl-27"/>
      </object_component>
      <object_component id="oc-85c">
         <name>.debug_line</name>
         <load_address>0x1543</load_address>
         <run_address>0x1543</run_address>
         <size>0x73</size>
         <input_file_ref idref="fl-27"/>
      </object_component>
      <object_component id="oc-85b">
         <name>.debug_line</name>
         <load_address>0x15b6</load_address>
         <run_address>0x15b6</run_address>
         <size>0x73</size>
         <input_file_ref idref="fl-27"/>
      </object_component>
      <object_component id="oc-841">
         <name>.debug_line</name>
         <load_address>0x1629</load_address>
         <run_address>0x1629</run_address>
         <size>0x79</size>
         <input_file_ref idref="fl-27"/>
      </object_component>
      <object_component id="oc-852">
         <name>.debug_line</name>
         <load_address>0x16a2</load_address>
         <run_address>0x16a2</run_address>
         <size>0x77</size>
         <input_file_ref idref="fl-27"/>
      </object_component>
      <object_component id="oc-847">
         <name>.debug_line</name>
         <load_address>0x1719</load_address>
         <run_address>0x1719</run_address>
         <size>0x97</size>
         <input_file_ref idref="fl-27"/>
      </object_component>
      <object_component id="oc-859">
         <name>.debug_line</name>
         <load_address>0x17b0</load_address>
         <run_address>0x17b0</run_address>
         <size>0x76</size>
         <input_file_ref idref="fl-27"/>
      </object_component>
      <object_component id="oc-83a">
         <name>.debug_line</name>
         <load_address>0x1826</load_address>
         <run_address>0x1826</run_address>
         <size>0x7a</size>
         <input_file_ref idref="fl-27"/>
      </object_component>
      <object_component id="oc-97c">
         <name>.debug_line</name>
         <load_address>0x18a0</load_address>
         <run_address>0x18a0</run_address>
         <size>0x56d</size>
         <input_file_ref idref="fl-28"/>
      </object_component>
      <object_component id="oc-8be">
         <name>.debug_line</name>
         <load_address>0x1e0d</load_address>
         <run_address>0x1e0d</run_address>
         <size>0xa9</size>
         <input_file_ref idref="fl-28"/>
      </object_component>
      <object_component id="oc-8c5">
         <name>.debug_line</name>
         <load_address>0x1eb6</load_address>
         <run_address>0x1eb6</run_address>
         <size>0xa9</size>
         <input_file_ref idref="fl-28"/>
      </object_component>
      <object_component id="oc-8dc">
         <name>.debug_line</name>
         <load_address>0x1f5f</load_address>
         <run_address>0x1f5f</run_address>
         <size>0x88</size>
         <input_file_ref idref="fl-28"/>
      </object_component>
      <object_component id="oc-8d9">
         <name>.debug_line</name>
         <load_address>0x1fe7</load_address>
         <run_address>0x1fe7</run_address>
         <size>0xf5</size>
         <input_file_ref idref="fl-28"/>
      </object_component>
      <object_component id="oc-8c9">
         <name>.debug_line</name>
         <load_address>0x20dc</load_address>
         <run_address>0x20dc</run_address>
         <size>0x26</size>
         <input_file_ref idref="fl-28"/>
      </object_component>
      <object_component id="oc-8da">
         <name>.debug_line</name>
         <load_address>0x2102</load_address>
         <run_address>0x2102</run_address>
         <size>0x84</size>
         <input_file_ref idref="fl-28"/>
      </object_component>
      <object_component id="oc-8ad">
         <name>.debug_line</name>
         <load_address>0x2186</load_address>
         <run_address>0x2186</run_address>
         <size>0xac</size>
         <input_file_ref idref="fl-28"/>
      </object_component>
      <object_component id="oc-8b0">
         <name>.debug_line</name>
         <load_address>0x2232</load_address>
         <run_address>0x2232</run_address>
         <size>0x26</size>
         <input_file_ref idref="fl-28"/>
      </object_component>
      <object_component id="oc-8d4">
         <name>.debug_line</name>
         <load_address>0x2258</load_address>
         <run_address>0x2258</run_address>
         <size>0x7f</size>
         <input_file_ref idref="fl-28"/>
      </object_component>
      <object_component id="oc-8c4">
         <name>.debug_line</name>
         <load_address>0x22d7</load_address>
         <run_address>0x22d7</run_address>
         <size>0xb0</size>
         <input_file_ref idref="fl-28"/>
      </object_component>
      <object_component id="oc-8fc">
         <name>.debug_line</name>
         <load_address>0x2387</load_address>
         <run_address>0x2387</run_address>
         <size>0x26</size>
         <input_file_ref idref="fl-28"/>
      </object_component>
      <object_component id="oc-8ee">
         <name>.debug_line</name>
         <load_address>0x23ad</load_address>
         <run_address>0x23ad</run_address>
         <size>0x90</size>
         <input_file_ref idref="fl-28"/>
      </object_component>
      <object_component id="oc-901">
         <name>.debug_line</name>
         <load_address>0x243d</load_address>
         <run_address>0x243d</run_address>
         <size>0x92</size>
         <input_file_ref idref="fl-28"/>
      </object_component>
      <object_component id="oc-8f3">
         <name>.debug_line</name>
         <load_address>0x24cf</load_address>
         <run_address>0x24cf</run_address>
         <size>0x92</size>
         <input_file_ref idref="fl-28"/>
      </object_component>
      <object_component id="oc-903">
         <name>.debug_line</name>
         <load_address>0x2561</load_address>
         <run_address>0x2561</run_address>
         <size>0x8c</size>
         <input_file_ref idref="fl-28"/>
      </object_component>
      <object_component id="oc-8e8">
         <name>.debug_line</name>
         <load_address>0x25ed</load_address>
         <run_address>0x25ed</run_address>
         <size>0xbb</size>
         <input_file_ref idref="fl-28"/>
      </object_component>
      <object_component id="oc-8e3">
         <name>.debug_line</name>
         <load_address>0x26a8</load_address>
         <run_address>0x26a8</run_address>
         <size>0x26</size>
         <input_file_ref idref="fl-28"/>
      </object_component>
      <object_component id="oc-8f8">
         <name>.debug_line</name>
         <load_address>0x26ce</load_address>
         <run_address>0x26ce</run_address>
         <size>0x8a</size>
         <input_file_ref idref="fl-28"/>
      </object_component>
      <object_component id="oc-8e9">
         <name>.debug_line</name>
         <load_address>0x2758</load_address>
         <run_address>0x2758</run_address>
         <size>0x7f</size>
         <input_file_ref idref="fl-28"/>
      </object_component>
      <object_component id="oc-8f0">
         <name>.debug_line</name>
         <load_address>0x27d7</load_address>
         <run_address>0x27d7</run_address>
         <size>0x83</size>
         <input_file_ref idref="fl-28"/>
      </object_component>
      <object_component id="oc-877">
         <name>.debug_line</name>
         <load_address>0x285a</load_address>
         <run_address>0x285a</run_address>
         <size>0x55c</size>
         <input_file_ref idref="fl-29"/>
      </object_component>
      <object_component id="oc-2f5">
         <name>.debug_line</name>
         <load_address>0x2db6</load_address>
         <run_address>0x2db6</run_address>
         <size>0x7a</size>
         <input_file_ref idref="fl-29"/>
      </object_component>
      <object_component id="oc-2ff">
         <name>.debug_line</name>
         <load_address>0x2e30</load_address>
         <run_address>0x2e30</run_address>
         <size>0x78</size>
         <input_file_ref idref="fl-29"/>
      </object_component>
      <object_component id="oc-2f8">
         <name>.debug_line</name>
         <load_address>0x2ea8</load_address>
         <run_address>0x2ea8</run_address>
         <size>0xa9</size>
         <input_file_ref idref="fl-29"/>
      </object_component>
      <object_component id="oc-2f4">
         <name>.debug_line</name>
         <load_address>0x2f51</load_address>
         <run_address>0x2f51</run_address>
         <size>0x77</size>
         <input_file_ref idref="fl-29"/>
      </object_component>
      <object_component id="oc-303">
         <name>.debug_line</name>
         <load_address>0x2fc8</load_address>
         <run_address>0x2fc8</run_address>
         <size>0x8c</size>
         <input_file_ref idref="fl-29"/>
      </object_component>
      <object_component id="oc-312">
         <name>.debug_line</name>
         <load_address>0x3054</load_address>
         <run_address>0x3054</run_address>
         <size>0x89</size>
         <input_file_ref idref="fl-29"/>
      </object_component>
      <object_component id="oc-319">
         <name>.debug_line</name>
         <load_address>0x30dd</load_address>
         <run_address>0x30dd</run_address>
         <size>0x9a</size>
         <input_file_ref idref="fl-29"/>
      </object_component>
      <object_component id="oc-31e">
         <name>.debug_line</name>
         <load_address>0x3177</load_address>
         <run_address>0x3177</run_address>
         <size>0x7a</size>
         <input_file_ref idref="fl-29"/>
      </object_component>
      <object_component id="oc-311">
         <name>.debug_line</name>
         <load_address>0x31f1</load_address>
         <run_address>0x31f1</run_address>
         <size>0x7a</size>
         <input_file_ref idref="fl-29"/>
      </object_component>
      <object_component id="oc-978">
         <name>.debug_line</name>
         <load_address>0x326b</load_address>
         <run_address>0x326b</run_address>
         <size>0x552</size>
         <input_file_ref idref="fl-2a"/>
      </object_component>
      <object_component id="oc-811">
         <name>.debug_line</name>
         <load_address>0x37bd</load_address>
         <run_address>0x37bd</run_address>
         <size>0x81</size>
         <input_file_ref idref="fl-2a"/>
      </object_component>
      <object_component id="oc-82d">
         <name>.debug_line</name>
         <load_address>0x383e</load_address>
         <run_address>0x383e</run_address>
         <size>0x84</size>
         <input_file_ref idref="fl-2a"/>
      </object_component>
      <object_component id="oc-820">
         <name>.debug_line</name>
         <load_address>0x38c2</load_address>
         <run_address>0x38c2</run_address>
         <size>0x26</size>
         <input_file_ref idref="fl-2a"/>
      </object_component>
      <object_component id="oc-818">
         <name>.debug_line</name>
         <load_address>0x38e8</load_address>
         <run_address>0x38e8</run_address>
         <size>0x7b</size>
         <input_file_ref idref="fl-2a"/>
      </object_component>
      <object_component id="oc-81f">
         <name>.debug_line</name>
         <load_address>0x3963</load_address>
         <run_address>0x3963</run_address>
         <size>0x26</size>
         <input_file_ref idref="fl-2a"/>
      </object_component>
      <object_component id="oc-81a">
         <name>.debug_line</name>
         <load_address>0x3989</load_address>
         <run_address>0x3989</run_address>
         <size>0x78</size>
         <input_file_ref idref="fl-2a"/>
      </object_component>
      <object_component id="oc-817">
         <name>.debug_line</name>
         <load_address>0x3a01</load_address>
         <run_address>0x3a01</run_address>
         <size>0x6f</size>
         <input_file_ref idref="fl-2a"/>
      </object_component>
      <object_component id="oc-813">
         <name>.debug_line</name>
         <load_address>0x3a70</load_address>
         <run_address>0x3a70</run_address>
         <size>0x74</size>
         <input_file_ref idref="fl-2a"/>
      </object_component>
      <object_component id="oc-819">
         <name>.debug_line</name>
         <load_address>0x3ae4</load_address>
         <run_address>0x3ae4</run_address>
         <size>0x74</size>
         <input_file_ref idref="fl-2a"/>
      </object_component>
      <object_component id="oc-7d1">
         <name>.debug_line</name>
         <load_address>0x3b58</load_address>
         <run_address>0x3b58</run_address>
         <size>0x26</size>
         <input_file_ref idref="fl-2a"/>
      </object_component>
      <object_component id="oc-7e6">
         <name>.debug_line</name>
         <load_address>0x3b7e</load_address>
         <run_address>0x3b7e</run_address>
         <size>0x72</size>
         <input_file_ref idref="fl-2a"/>
      </object_component>
      <object_component id="oc-7ca">
         <name>.debug_line</name>
         <load_address>0x3bf0</load_address>
         <run_address>0x3bf0</run_address>
         <size>0x75</size>
         <input_file_ref idref="fl-2a"/>
      </object_component>
      <object_component id="oc-7e8">
         <name>.debug_line</name>
         <load_address>0x3c65</load_address>
         <run_address>0x3c65</run_address>
         <size>0x26</size>
         <input_file_ref idref="fl-2a"/>
      </object_component>
      <object_component id="oc-7d0">
         <name>.debug_line</name>
         <load_address>0x3c8b</load_address>
         <run_address>0x3c8b</run_address>
         <size>0x82</size>
         <input_file_ref idref="fl-2a"/>
      </object_component>
      <object_component id="oc-7cd">
         <name>.debug_line</name>
         <load_address>0x3d0d</load_address>
         <run_address>0x3d0d</run_address>
         <size>0x7f</size>
         <input_file_ref idref="fl-2a"/>
      </object_component>
      <object_component id="oc-7de">
         <name>.debug_line</name>
         <load_address>0x3d8c</load_address>
         <run_address>0x3d8c</run_address>
         <size>0x72</size>
         <input_file_ref idref="fl-2a"/>
      </object_component>
      <object_component id="oc-7cc">
         <name>.debug_line</name>
         <load_address>0x3dfe</load_address>
         <run_address>0x3dfe</run_address>
         <size>0x70</size>
         <input_file_ref idref="fl-2a"/>
      </object_component>
      <object_component id="oc-7ce">
         <name>.debug_line</name>
         <load_address>0x3e6e</load_address>
         <run_address>0x3e6e</run_address>
         <size>0x73</size>
         <input_file_ref idref="fl-2a"/>
      </object_component>
      <object_component id="oc-7df">
         <name>.debug_line</name>
         <load_address>0x3ee1</load_address>
         <run_address>0x3ee1</run_address>
         <size>0x26</size>
         <input_file_ref idref="fl-2a"/>
      </object_component>
      <object_component id="oc-7fd">
         <name>.debug_line</name>
         <load_address>0x3f07</load_address>
         <run_address>0x3f07</run_address>
         <size>0x85</size>
         <input_file_ref idref="fl-2a"/>
      </object_component>
      <object_component id="oc-7f0">
         <name>.debug_line</name>
         <load_address>0x3f8c</load_address>
         <run_address>0x3f8c</run_address>
         <size>0x74</size>
         <input_file_ref idref="fl-2a"/>
      </object_component>
      <object_component id="oc-7f2">
         <name>.debug_line</name>
         <load_address>0x4000</load_address>
         <run_address>0x4000</run_address>
         <size>0x76</size>
         <input_file_ref idref="fl-2a"/>
      </object_component>
      <object_component id="oc-7f1">
         <name>.debug_line</name>
         <load_address>0x4076</load_address>
         <run_address>0x4076</run_address>
         <size>0x6f</size>
         <input_file_ref idref="fl-2a"/>
      </object_component>
      <object_component id="oc-976">
         <name>.debug_line</name>
         <load_address>0x40e5</load_address>
         <run_address>0x40e5</run_address>
         <size>0x603</size>
         <input_file_ref idref="fl-2b"/>
      </object_component>
      <object_component id="oc-95d">
         <name>.debug_line</name>
         <load_address>0x46e8</load_address>
         <run_address>0x46e8</run_address>
         <size>0x10bc</size>
         <input_file_ref idref="fl-2e"/>
      </object_component>
      <object_component id="oc-695">
         <name>.debug_line</name>
         <load_address>0x57a4</load_address>
         <run_address>0x57a4</run_address>
         <size>0x87</size>
         <input_file_ref idref="fl-2e"/>
      </object_component>
      <object_component id="oc-68d">
         <name>.debug_line</name>
         <load_address>0x582b</load_address>
         <run_address>0x582b</run_address>
         <size>0x89</size>
         <input_file_ref idref="fl-2e"/>
      </object_component>
      <object_component id="oc-687">
         <name>.debug_line</name>
         <load_address>0x58b4</load_address>
         <run_address>0x58b4</run_address>
         <size>0x8a</size>
         <input_file_ref idref="fl-2e"/>
      </object_component>
      <object_component id="oc-688">
         <name>.debug_line</name>
         <load_address>0x593e</load_address>
         <run_address>0x593e</run_address>
         <size>0xb2</size>
         <input_file_ref idref="fl-2e"/>
      </object_component>
      <object_component id="oc-692">
         <name>.debug_line</name>
         <load_address>0x59f0</load_address>
         <run_address>0x59f0</run_address>
         <size>0xaf</size>
         <input_file_ref idref="fl-2e"/>
      </object_component>
      <object_component id="oc-92b">
         <name>.debug_line</name>
         <load_address>0x5a9f</load_address>
         <run_address>0x5a9f</run_address>
         <size>0x521</size>
         <input_file_ref idref="fl-2f"/>
[...]
         <object_component_ref idref="oc-696"/>
      </symbol>
      <symbol id="sm-9c3">
         <name>HCI_ReadRssiCmd</name>
         <value>0x199b5</value>
         <object_component_ref idref="oc-696"/>
      </symbol>
      <symbol id="sm-9c4">
         <name>HCI_ResetCmd</name>
         <value>0x19825</value>
         <object_component_ref idref="oc-696"/>
      </symbol>
      <symbol id="sm-9c5">
         <name>HCI_SetEventMaskPage2Cmd</name>
         <value>0x198b5</value>
         <object_component_ref idref="oc-696"/>
      </symbol>
      <symbol id="sm-9c6">
         <name>HCI_ValidConnTimeParams</name>
         <value>0x197e9</value>
         <object_component_ref idref="oc-696"/>
      </symbol>
      <symbol id="sm-9c7">
         <name>supportedCmdsTable</name>
         <value>0x199e0</value>
         <object_component_ref idref="oc-696"/>
      </symbol>
      <symbol id="sm-9d4">
         <name>llAdv_TaskEnd</name>
         <value>0x19a25</value>
         <object_component_ref idref="oc-715"/>
      </symbol>
      <symbol id="sm-a33">
         <name>llCheckWhiteListUsage</name>
         <value>0x19c83</value>
         <object_component_ref idref="oc-4e2"/>
      </symbol>
      <symbol id="sm-a34">
         <name>llGetTxPower</name>
         <value>0x19c6f</value>
         <object_component_ref idref="oc-4e2"/>
      </symbol>
      <symbol id="sm-a35">
         <name>llHaltRadio</name>
         <value>0x19cf9</value>
         <object_component_ref idref="oc-4e2"/>
      </symbol>
      <symbol id="sm-a36">
         <name>llHardwareError</name>
         <value>0x19dc7</value>
         <object_component_ref idref="oc-4e2"/>
      </symbol>
      <symbol id="sm-a37">
         <name>llInitFeatureSet</name>
         <value>0x19b77</value>
         <object_component_ref idref="oc-4e2"/>
      </symbol>
      <symbol id="sm-a38">
         <name>llOctets2Time</name>
         <value>0x19cc5</value>
         <object_component_ref idref="oc-4e2"/>
      </symbol>
      <symbol id="sm-a39">
         <name>llResetRadio</name>
         <value>0x19dc5</value>
         <object_component_ref idref="oc-4e2"/>
      </symbol>
      <symbol id="sm-a3a">
         <name>llRfInit</name>
         <value>0x19bcd</value>
         <object_component_ref idref="oc-4e2"/>
      </symbol>
      <symbol id="sm-a3b">
         <name>llRfSetup</name>
         <value>0x19b8d</value>
         <object_component_ref idref="oc-4e2"/>
      </symbol>
      <symbol id="sm-a3c">
         <name>llRfStartFS</name>
         <value>0x19d19</value>
         <object_component_ref idref="oc-4e2"/>
      </symbol>
      <symbol id="sm-a3d">
         <name>llSetTxPower</name>
         <value>0x19c29</value>
         <object_component_ref idref="oc-4e2"/>
      </symbol>
      <symbol id="sm-a3e">
         <name>llTime2Octets</name>
         <value>0x19c97</value>
         <object_component_ref idref="oc-4e2"/>
      </symbol>
      <symbol id="sm-a3f">
         <name>llValidateConnParams</name>
         <value>0x19dcb</value>
         <object_component_ref idref="oc-4e2"/>
      </symbol>
      <symbol id="sm-a40">
         <name>llVerifyConnParamReqParams</name>
         <value>0x19af5</value>
         <object_component_ref idref="oc-4e2"/>
      </symbol>
      <symbol id="sm-a60">
         <name>advPktSuffix</name>
         <value>0x1d4b0</value>
         <object_component_ref idref="oc-55e"/>
      </symbol>
      <symbol id="sm-a61">
         <name>initPktSuffix</name>
         <value>0x1d4b8</value>
         <object_component_ref idref="oc-55e"/>
      </symbol>
      <symbol id="sm-a62">
         <name>llConfigTable</name>
         <value>0x1d4c8</value>
         <object_component_ref idref="oc-55e"/>
      </symbol>
      <symbol id="sm-a63">
         <name>llUserConfig</name>
         <value>0x200046e4</value>
         <object_component_ref idref="oc-326"/>
      </symbol>
      <symbol id="sm-a64">
         <name>maxPktsPerEvt</name>
         <value>0x1d4c0</value>
         <object_component_ref idref="oc-55e"/>
      </symbol>
      <symbol id="sm-a65">
         <name>rfCfgVal</name>
         <value>0x1d4a8</value>
         <object_component_ref idref="oc-55e"/>
      </symbol>
      <symbol id="sm-a66">
         <name>rfOpLoc</name>
         <value>0x1d4c4</value>
         <object_component_ref idref="oc-55e"/>
      </symbol>
      <symbol id="sm-a67">
         <name>rxPktSuffix</name>
         <value>0x1d4ac</value>
         <object_component_ref idref="oc-55e"/>
      </symbol>
      <symbol id="sm-a68">
         <name>scanPktSuffix</name>
         <value>0x1d4b4</value>
         <object_component_ref idref="oc-55e"/>
      </symbol>
      <symbol id="sm-a69">
         <name>txPowerTable</name>
         <value>0x1d49c</value>
         <object_component_ref idref="oc-55e"/>
      </symbol>
      <symbol id="sm-a6a">
         <name>txPwrTbl</name>
         <value>0x1d4a0</value>
         <object_component_ref idref="oc-55e"/>
      </symbol>
      <symbol id="sm-a6b">
         <name>wlSize</name>
         <value>0x1d4bc</value>
         <object_component_ref idref="oc-55e"/>
      </symbol>
      <symbol id="sm-b4b">
         <name>LL_DirectTestEnd</name>
         <value>0x1a603</value>
         <object_component_ref idref="oc-244"/>
      </symbol>
      <symbol id="sm-b4c">
         <name>LL_DirectTestRxTest</name>
         <value>0x1a52d</value>
         <object_component_ref idref="oc-244"/>
      </symbol>
      <symbol id="sm-b4d">
         <name>LL_DirectTestTxTest</name>
         <value>0x1a3bb</value>
         <object_component_ref idref="oc-244"/>
      </symbol>
      <symbol id="sm-b4e">
         <name>LL_EXT_BuildRevision</name>
         <value>0x1a87d</value>
         <object_component_ref idref="oc-244"/>
      </symbol>
      <symbol id="sm-b4f">
         <name>LL_EXT_EndModemTest</name>
         <value>0x1a395</value>
         <object_component_ref idref="oc-244"/>
      </symbol>
      <symbol id="sm-b50">
         <name>LL_EXT_ModemHopTestTx</name>
         <value>0x1a1dd</value>
         <object_component_ref idref="oc-244"/>
      </symbol>
      <symbol id="sm-b51">
         <name>LL_EXT_ModemTestRx</name>
         <value>0x1a2fd</value>
         <object_component_ref idref="oc-244"/>
      </symbol>
      <symbol id="sm-b52">
         <name>LL_EXT_ModemTestTx</name>
         <value>0x1a279</value>
         <object_component_ref idref="oc-244"/>
      </symbol>
      <symbol id="sm-b53">
         <name>LL_EXT_SetLocalSupportedFeatures</name>
         <value>0x1a16f</value>
         <object_component_ref idref="oc-244"/>
      </symbol>
      <symbol id="sm-b54">
         <name>LL_EXT_SetMaxDtmTxPower</name>
         <value>0x1a1c1</value>
         <object_component_ref idref="oc-244"/>
      </symbol>
      <symbol id="sm-b55">
         <name>LL_EXT_SetTxPower</name>
         <value>0x1a195</value>
         <object_component_ref idref="oc-244"/>
      </symbol>
      <symbol id="sm-b56">
         <name>LL_GetNumActiveConns</name>
         <value>0x1a835</value>
         <object_component_ref idref="oc-244"/>
      </symbol>
      <symbol id="sm-b57">
         <name>LL_Init</name>
         <value>0x19ebf</value>
         <object_component_ref idref="oc-244"/>
      </symbol>
      <symbol id="sm-b58">
         <name>LL_ProcessEvent</name>
         <value>0x1a05b</value>
         <object_component_ref idref="oc-244"/>
      </symbol>
      <symbol id="sm-b59">
         <name>LL_ReadRssi</name>
         <value>0x1a841</value>
         <object_component_ref idref="oc-244"/>
      </symbol>
      <symbol id="sm-b5a">
         <name>LL_ReadSupportedStates</name>
         <value>0x1a829</value>
         <object_component_ref idref="oc-244"/>
      </symbol>
      <symbol id="sm-b5b">
         <name>LL_Reset</name>
         <value>0x1a0eb</value>
         <object_component_ref idref="oc-244"/>
      </symbol>
      <symbol id="sm-b5c">
         <name>LL_SetAdvControl</name>
         <value>0x1a751</value>
         <object_component_ref idref="oc-244"/>
      </symbol>
      <symbol id="sm-b5d">
         <name>LL_SetAdvParam</name>
         <value>0x1a677</value>
         <object_component_ref idref="oc-244"/>
      </symbol>
      <symbol id="sm-b5e">
         <name>SysBootMsg</name>
         <value>0x20004720</value>
         <object_component_ref idref="oc-55b"/>
      </symbol>
      <symbol id="sm-b5f">
         <name>advInfoExt</name>
         <value>0x2000470c</value>
         <object_component_ref idref="oc-55b"/>
      </symbol>
      <symbol id="sm-b60">
         <name>ll_buildRevision</name>
         <value>0x1d4f8</value>
         <object_component_ref idref="oc-91c"/>
      </symbol>
      <symbol id="sm-b61">
         <name>maxNumTxDataBufs</name>
         <value>0x2000470a</value>
         <object_component_ref idref="oc-55b"/>
      </symbol>
      <symbol id="sm-b62">
         <name>maxPduSize</name>
         <value>0x20004708</value>
         <object_component_ref idref="oc-55b"/>
      </symbol>
      <symbol id="sm-b63">
         <name>rfCmdHandle</name>
         <value>0x20004710</value>
         <object_component_ref idref="oc-55b"/>
      </symbol>
      <symbol id="sm-b64">
         <name>rfDrvTblPtr</name>
         <value>0x20004718</value>
         <object_component_ref idref="oc-55b"/>
      </symbol>
      <symbol id="sm-b65">
         <name>rfEvent</name>
         <value>0x200045d8</value>
         <object_component_ref idref="oc-785"/>
      </symbol>
      <symbol id="sm-b66">
         <name>rfFeModeBias</name>
         <value>0x20004709</value>
         <object_component_ref idref="oc-55b"/>
      </symbol>
      <symbol id="sm-b67">
         <name>rfHandle</name>
         <value>0x20004714</value>
         <object_component_ref idref="oc-55b"/>
      </symbol>
      <symbol id="sm-b68">
         <name>rfMode</name>
         <value>0x20004728</value>
         <object_component_ref idref="oc-55b"/>
      </symbol>
      <symbol id="sm-b69">
         <name>rfObject</name>
         <value>0x20004768</value>
         <object_component_ref idref="oc-55b"/>
      </symbol>
      <symbol id="sm-b6a">
         <name>rfParams</name>
         <value>0x20004738</value>
         <object_component_ref idref="oc-55b"/>
      </symbol>
      <symbol id="sm-b6b">
         <name>rfSetup</name>
         <value>0x2000474c</value>
         <object_component_ref idref="oc-55b"/>
      </symbol>
      <symbol id="sm-b6c">
         <name>sclkSrc</name>
         <value>0x20004724</value>
         <object_component_ref idref="oc-55b"/>
      </symbol>
      <symbol id="sm-b6d">
         <name>trngDrvTblPtr</name>
         <value>0x2000471c</value>
         <object_component_ref idref="oc-55b"/>
      </symbol>
      <symbol id="sm-b81">
         <name>llGetCurrentTime</name>
         <value>0x1af93</value>
         <object_component_ref idref="oc-550"/>
      </symbol>
      <symbol id="sm-b82">
         <name>llInitRAT</name>
         <value>0x1af91</value>
         <object_component_ref idref="oc-550"/>
      </symbol>
      <symbol id="sm-bb6">
         <name>llActiveTask</name>
         <value>0x1b04f</value>
         <object_component_ref idref="oc-529"/>
      </symbol>
      <symbol id="sm-bb7">
         <name>llAllocTask</name>
         <value>0x1afd3</value>
         <object_component_ref idref="oc-529"/>
      </symbol>
      <symbol id="sm-bb8">
         <name>llGetTask</name>
         <value>0x1b085</value>
         <object_component_ref idref="oc-529"/>
      </symbol>
      <symbol id="sm-bb9">
         <name>llGetTaskState</name>
         <value>0x1b02d</value>
         <object_component_ref idref="oc-529"/>
      </symbol>
      <symbol id="sm-bba">
         <name>llScheduleTask</name>
         <value>0x1b0b5</value>
         <object_component_ref idref="oc-529"/>
      </symbol>
      <symbol id="sm-bbb">
         <name>llSchedulerInit</name>
         <value>0x1afa1</value>
         <object_component_ref idref="oc-529"/>
      </symbol>
      <symbol id="sm-be1">
         <name>LL_PM_Enter_AES</name>
         <value>0x1b11d</value>
         <object_component_ref idref="oc-662"/>
      </symbol>
      <symbol id="sm-be2">
         <name>LL_PM_Exit_AES</name>
         <value>0x1b133</value>
         <object_component_ref idref="oc-662"/>
      </symbol>
      <symbol id="sm-be3">
         <name>LL_PM_GetRfCoreState</name>
         <value>0x1b119</value>
         <object_component_ref idref="oc-662"/>
      </symbol>
      <symbol id="sm-be4">
         <name>LL_PM_PowerOffRfCore</name>
         <value>0x1b15d</value>
         <object_component_ref idref="oc-662"/>
      </symbol>
      <symbol id="sm-c04">
         <name>WL_Clear</name>
         <value>0x1b15f</value>
         <object_component_ref idref="oc-6fb"/>
      </symbol>
      <symbol id="sm-c05">
         <name>WL_ClearIgnoreList</name>
         <value>0x1b1ef</value>
         <object_component_ref idref="oc-6fb"/>
      </symbol>
      <symbol id="sm-c06">
         <name>WL_FindEntry</name>
         <value>0x1b18d</value>
         <object_component_ref idref="oc-6fb"/>
      </symbol>
      <symbol id="sm-c07">
         <name>WL_GetNumFreeEntries</name>
         <value>0x1b183</value>
         <object_component_ref idref="oc-6fb"/>
      </symbol>
      <symbol id="sm-c08">
         <name>WL_SetWlIgnore</name>
         <value>0x1b1cf</value>
         <object_component_ref idref="oc-6fb"/>
      </symbol>
      <symbol id="sm-c46">
         <name>LL_DoorbellErrorCback</name>
         <value>0x1b239</value>
         <object_component_ref idref="oc-575"/>
      </symbol>
      <symbol id="sm-c47">
         <name>LL_LastCmdDoneCback</name>
         <value>0x1b249</value>
         <object_component_ref idref="oc-575"/>
      </symbol>
      <symbol id="sm-c48">
         <name>LL_RxEntryDoneCback</name>
         <value>0x1b39b</value>
         <object_component_ref idref="oc-575"/>
      </symbol>
      <symbol id="sm-c49">
         <name>LL_RxIgnoredCback</name>
         <value>0x1b399</value>
         <object_component_ref idref="oc-575"/>
      </symbol>
      <symbol id="sm-c4a">
         <name>LL_TxDoneCback</name>
         <value>0x1b385</value>
         <object_component_ref idref="oc-575"/>
      </symbol>
      <symbol id="sm-c4b">
         <name>rfCallback</name>
         <value>0x1b217</value>
         <object_component_ref idref="oc-575"/>
      </symbol>
      <symbol id="sm-c4c">
         <name>rfPUpCallback</name>
         <value>0x1b20d</value>
         <object_component_ref idref="oc-575"/>
      </symbol>
      <symbol id="sm-c90">
         <name>HCI_ExtTaskRegister</name>
         <value>0x1b47b</value>
         <object_component_ref idref="oc-2ce"/>
      </symbol>
      <symbol id="sm-c91">
         <name>HCI_GAPTaskRegister</name>
         <value>0x1b469</value>
         <object_component_ref idref="oc-2ce"/>
      </symbol>
      <symbol id="sm-c92">
         <name>HCI_Init</name>
         <value>0x1b3f5</value>
         <object_component_ref idref="oc-2ce"/>
      </symbol>
      <symbol id="sm-c93">
         <name>HCI_L2CAPTaskRegister</name>
         <value>0x1b46f</value>
         <object_component_ref idref="oc-2ce"/>
      </symbol>
      <symbol id="sm-c94">
         <name>HCI_ProcessEvent</name>
         <value>0x1b427</value>
         <object_component_ref idref="oc-2ce"/>
      </symbol>
      <symbol id="sm-c95">
         <name>HCI_SMPTaskRegister</name>
         <value>0x1b475</value>
         <object_component_ref idref="oc-2ce"/>
      </symbol>
      <symbol id="sm-c96">
         <name>HCI_TestAppTaskRegister</name>
         <value>0x1b463</value>
         <object_component_ref idref="oc-2ce"/>
      </symbol>
      <symbol id="sm-c97">
         <name>hciExtTaskID</name>
         <value>0x200045e3</value>
         <object_component_ref idref="oc-5c8"/>
      </symbol>
      <symbol id="sm-c98">
         <name>hciGapTaskID</name>
         <value>0x200045e0</value>
         <object_component_ref idref="oc-5bf"/>
      </symbol>
      <symbol id="sm-c99">
         <name>hciL2capTaskID</name>
         <value>0x200045e1</value>
         <object_component_ref idref="oc-5c2"/>
      </symbol>
      <symbol id="sm-c9a">
         <name>hciSmpTaskID</name>
         <value>0x200045e2</value>
         <object_component_ref idref="oc-5c5"/>
      </symbol>
      <symbol id="sm-c9b">
         <name>hciTaskID</name>
         <value>0x200045c2</value>
         <object_component_ref idref="oc-5b9"/>
      </symbol>
      <symbol id="sm-c9c">
         <name>hciTestTaskID</name>
         <value>0x200045c3</value>
         <object_component_ref idref="oc-5bc"/>
      </symbol>
      <symbol id="sm-ca9">
         <name>__aeabi_uldivmod</name>
         <value>0x1b49d</value>
         <object_component_ref idref="oc-487"/>
      </symbol>
      <symbol id="sm-cb2">
         <name>__aeabi_lmul</name>
         <value>0x1b533</value>
         <object_component_ref idref="oc-48c"/>
      </symbol>
      <symbol id="sm-ccd">
         <name>memcpy</name>
         <value>0x1b54b</value>
         <object_component_ref idref="oc-204"/>
      </symbol>
      <symbol id="sm-cce">
         <name>__aeabi_memcpy</name>
         <value>0x1b54b</value>
         <object_component_ref idref="oc-204"/>
      </symbol>
      <symbol id="sm-ccf">
         <name>__aeabi_memcpy8</name>
         <value>0x1b54b</value>
         <object_component_ref idref="oc-204"/>
      </symbol>
      <symbol id="sm-cd0">
         <name>__aeabi_memcpy4</name>
         <value>0x1b54b</value>
         <object_component_ref idref="oc-204"/>
      </symbol>
      <symbol id="sm-cdf">
         <name>__aeabi_memset</name>
         <value>0x1b5e9</value>
         <object_component_ref idref="oc-42d"/>
      </symbol>
      <symbol id="sm-ce0">
         <name>memset</name>
         <value>0x1b5ef</value>
         <object_component_ref idref="oc-42d"/>
      </symbol>
      <symbol id="sm-ce1">
         <name>__aeabi_memset8</name>
         <value>0x1b5e9</value>
         <object_component_ref idref="oc-42d"/>
      </symbol>
      <symbol id="sm-ce2">
         <name>__aeabi_memset4</name>
         <value>0x1b5e9</value>
         <object_component_ref idref="oc-42d"/>
      </symbol>
      <symbol id="sm-ce3">
         <name>__aeabi_memclr8</name>
         <value>0x1b5e7</value>
         <object_component_ref idref="oc-42d"/>
      </symbol>
      <symbol id="sm-ce4">
         <name>__aeabi_memclr4</name>
         <value>0x1b5e7</value>
         <object_component_ref idref="oc-42d"/>
      </symbol>
      <symbol id="sm-ce5">
         <name>__aeabi_memclr</name>
         <value>0x1b5e7</value>
         <object_component_ref idref="oc-42d"/>
      </symbol>
      <symbol id="sm-d03">
         <name>__TI_auto_init_nobinit_nopinit</name>
         <value>0x1b661</value>
         <object_component_ref idref="oc-433"/>
      </symbol>
      <symbol id="sm-d0d">
         <name>__aeabi_idiv0</name>
         <value>0x19277</value>
         <object_component_ref idref="oc-76c"/>
      </symbol>
      <symbol id="sm-d0e">
         <name>__aeabi_ldiv0</name>
         <value>0x19277</value>
         <object_component_ref idref="oc-76c"/>
      </symbol>
      <symbol id="sm-d20">
         <name>NOROM_CPUcpsie</name>
         <value>0x1b6a5</value>
         <object_component_ref idref="oc-880"/>
      </symbol>
      <symbol id="sm-d21">
         <name>NOROM_CPUcpsid</name>
         <value>0x1b6b1</value>
         <object_component_ref idref="oc-87a"/>
      </symbol>
      <symbol id="sm-d22">
         <name>__TI_static_base__</name>
         <value>0x18000</value>
      </symbol>
      <symbol id="sm-deb">
         <name>_system_post_cinit</name>
         <value>0x0</value>
      </symbol>
   </symbol_table>
   <title>Link successful</title>
</link_info>
