******************************************************************************
                  TI ARM Linker PC v18.12.1                    
******************************************************************************
>> Linked Sun Jul 14 11:58:05 2019

OUTPUT FILE NAME:   <simple_broadcaster_cc2650lp_stack.out>
ENTRY POINT SYMBOL: "startup_entry"  address: 00018001


MEMORY CONFIGURATION

         name            origin    length      used     unused   attr    fill
----------------------  --------  ---------  --------  --------  ----  --------
  FLASH                 00000000   0001f000  000067d8  00018828  R  X
  SRAM                  20000000   000048e7  0000032c  000045bb  RW X


SEGMENT ALLOCATION MAP

run origin  load origin   length   init length attrs members
----------  ----------- ---------- ----------- ----- -------
00018000    00018000    000057d8   000057d8    r-x
  00018000    00018000    0000040c   0000040c    r-x EntrySection
  0001840c    0001840c    000049ac   000049ac    r-x .text
  0001cdb8    0001cdb8    000006e4   000006e4    r-- .const
  0001d49c    0001d49c    0000005e   0000005e    r-- .rodata
  0001d500    0001d500    000002d8   000002d8    r-- .cinit
0001e000    0001e000    00001000   00001000    r--
  0001e000    0001e000    00001000   00001000    r-- .TI.bound:NV_FLASH
200045b8    200045b8    0000032c   00000000    rw-
  200045b8    200045b8    00000088   00000000    rw- .bss
  20004640    20004640    000002a4   00000000    rw- .data


SECTION ALLOCATION MAP

 output                                  attributes/
section   page    origin      length       input sections
--------  ----  ----------  ----------   ----------------
EntrySection 
*          0    00018000    0000040c     
                  00018000    00000364     icall_startup.obj (EntrySection)
                  00018364    00000008     rtsv7M3_T_le_eabi.lib : autoinit.c.obj (.tramp.__TI_auto_init_nobinit_nopinit.1)
                  0001836c    00000008     <whole-program> (.tramp.ICall_enrollService$18.1)
                  00018374    00000008     <whole-program> (.tramp.halAssertHandlerExt.1)
                  0001837c    00000008     <whole-program> (.tramp.HalFlashRead.1)
                  00018384    00000008     <whole-program> (.tramp.findOffset$13.1)
                  0001838c    00000008     <whole-program> (.tramp.compactPage$13.1)
                  00018394    00000008     <whole-program> (.tramp.erasePage$13.1)
                  0001839c    00000008     <whole-program> (.tramp.setActivePage$13.1)
                  000183a4    00000008     <whole-program> (.tramp.ICall_getTicks$14.1)
                  000183ac    00000008     <whole-program> (.tramp.osal_mem_alloc.1)
                  000183b4    00000008     <whole-program> (.tramp.osal_memset.1)
                  000183bc    00000008     cc2640_ctrl_xxbx.a : ll_patch.o (.tramp.LL_Init.1)
                  000183c4    00000008     cc26xx_hci_tl_none.a : hci_tl.o (.tramp.HCI_Init.1)
                  000183cc    00000008     host_xxbx.a : gap_simpletask.o (.tramp.GAP_Init.1)
                  000183d4    00000008     <whole-program> (.tramp.ICall_setTimer$7.1)
                  000183dc    00000008     <whole-program> (.tramp.ICall_abort$7.1)
                  000183e4    00000008     <whole-program> (.tramp.osal_next_timeout.1)
                  000183ec    00000008     <whole-program> (.tramp.osal_timer_refTimeUpdate.1)
                  000183f4    00000008     <whole-program> (.tramp.osal_alien2proxy$7.1)
                  000183fc    00000008     <whole-program> (.tramp.osal_msg_send.1)
                  00018404    00000008     <whole-program> (.tramp.ICall_setTimerMSecs$7.1)

.text      0    0001840c    000049ac     
                  0001840c    00000328     host_xxbx.a : gap_configmgr.o (.text)
                  00018734    000000b0                 : gap_devmgr.o (.text)
                  000187e4    00000624                 : gap_peridevmgr.o (.text)
                  00018e08    00000144                 : gap_simpletask.o (.text)
                  00018f4c    0000032a                 : sm_mgr.o (.text)
                  00019276    00000002     rtsv7M3_T_le_eabi.lib : div0.asm.obj (.text)
                  00019278    00000130     cc2640_ctrl_xxbx.a : ble_patch.o (.text)
                  000193a8    0000043e                        : hci_event_patch.o (.text)
                  000197e6    00000002     --HOLE-- [fill = 0]
                  000197e8    0000023c                        : hci_patch.o (.text)
                  00019a24    000000d0                        : ll_adv_end_causes_patch.o (.text)
                  00019af4    00000340                        : ll_common_patch.o (.text)
                  00019e34    0000115c                        : ll_patch.o (.text)
                  0001af90    00000010                        : ll_rat_patch.o (.text)
                  0001afa0    00000178                        : ll_scheduler_patch.o (.text)
                  0001b118    00000046                        : ll_sleep.o (.text)
                  0001b15e    000000ae                        : ll_wl_patch.o (.text)
                  0001b20c    000001e8                        : ll_isr.o (.text)
                  0001b3f4    000000a8     cc26xx_hci_tl_none.a : hci_tl.o (.text)
                  0001b49c    00000096     rtsv7M3_T_le_eabi.lib : ull_div_t2.asm.obj (.text)
                  0001b532    00000018                           : ll_mul_t2.asm.obj (.text)
                  0001b54a    0000009c                           : memcpy_t2.asm.obj (.text)
                  0001b5e6    0000007a                           : memset_t2.asm.obj (.text)
                  0001b660    00000044                           : autoinit.c.obj (.text:__TI_auto_init_nobinit_nopinit:__TI_auto_init_nobinit_nopinit)
                  0001b6a4    0000000c     driverlib.lib : cpu.obj (.text:NOROM_CPUcpsie)
                  0001b6b0    0000000c                   : cpu.obj (.text:NOROM_CPUcpsid)
                  0001b6bc    000002f4     osal_timers.obj (.text)
                  0001b9b0    00000036     rom_jt.obj (.text)
                  0001b9e6    00000002     --HOLE-- [fill = 0]
                  0001b9e8    00000078     hal_trng_wrapper.obj (.text)
                  0001ba60    00000020     hal_assert.obj (.text)
                  0001ba80    00000068     driverlib.lib : interrupt.obj (.text:NOROM_IntDisable)
                  0001bae8    0000005c                   : interrupt.obj (.text:NOROM_IntEnable)
                  0001bb44    00000014     onboard.obj (.text)
                  0001bb58    000000c8     osal_bufmgr.obj (.text)
                  0001bc20    00000478     osal.obj (.text)
                  0001c098    0000009c     osal_cbtimer.obj (.text)
                  0001c134    000005fc     ble_dispatch.obj (.text)
                  0001c730    00000058     hal_flash_wrapper.obj (.text)
                  0001c788    00000294     osal_snv_wrapper.obj (.text)
                  0001ca1c    00000014     driverlib.lib : vims.obj (.text:NOROM_VIMSModeGet)
                  0001ca30    0000001c                   : flash.obj (.text:NOROM_FlashProgram)
                  0001ca4c    00000024     rtsv7M3_T_le_eabi.lib : memcmp.c.obj (.text:memcmp)
                  0001ca70    0000001c     driverlib.lib : flash.obj (.text:NOROM_FlashSectorErase)
                  0001ca8c    00000090     osal_pwrmgr.obj (.text)
                  0001cb1c    00000044     osal_memory_icall.obj (.text)
                  0001cb60    00000038     osal_icall_ble.obj (.text)
                  0001cb98    00000012     rtsv7M3_T_le_eabi.lib : copy_zero_init.c.obj (.text:decompress:ZI:__TI_zero_init_nomemset:__TI_zero_init_nomemset)
                  0001cbaa    0000000e                           : copy_decompress_none.c.obj (.text:decompress:none:__TI_decompress_none)
                  0001cbb8    00000068                           : copy_decompress_lzss.c.obj (.text:decompress:lzss:__TI_decompress_lzss)
                  0001cc20    00000008     ble_rom_patch.symbols (.tramp.HCI_ReadBDADDRCmd.1)
                  0001cc28    00000008     ble_rom_patch.symbols (.tramp.HCI_LE_SetRandomAddressCmd.1)
                  0001cc30    00000008     ble_rom_patch.symbols (.tramp.LL_ReadBDADDR.1)
                  0001cc38    00000008     ble_rom_patch.symbols (.tramp.HCI_LE_SetAdvDataCmd.1)
                  0001cc40    00000008     ble_rom_patch.symbols (.tramp.HCI_LE_SetScanRspDataCmd.1)
                  0001cc48    00000008     ble_rom_patch.symbols (.tramp.HCI_LE_SetAdvEnableCmd.1)
                  0001cc50    00000008     ble_rom_patch.symbols (.tramp.HCI_LE_SetAdvParamCmd.1)
                  0001cc58    00000008     ble_rom_patch.symbols (.tramp.LL_Encrypt.1)
                  0001cc60    00000008     ble_rom_patch.symbols (.tramp.llPatchCM0.1)
                  0001cc68    00000008     ble_rom_patch.symbols (.tramp.RFHAL_AllocRatChan.1)
                  0001cc70    00000008     ble_rom_patch.symbols (.tramp.RFHAL_RegisterRatChanCallback.1)
                  0001cc78    00000008     ble_rom_patch.symbols (.tramp.HCI_SendCommandCompleteEvent.1)
                  0001cc80    00000008     ble_rom_patch.symbols (.tramp.HCI_CommandCompleteEvent.1)
                  0001cc88    00000008     ble_rom_patch.symbols (.tramp.LL_EXT_ResetSystem.1)
                  0001cc90    00000008     ble_rom_patch.symbols (.tramp.LL_ReadLocalVersionInfo.1)
                  0001cc98    00000008     ble_rom_patch.symbols (.tramp.LL_ENC_GeneratePseudoRandNum.1)
                  0001cca0    00000008     ble_rom_patch.symbols (.tramp.llScheduler.1)
                  0001cca8    00000008     ble_rom_patch.symbols (.tramp.llEventDelta.1)
                  0001ccb0    00000008     ble_rom_patch.symbols (.tramp.llGetCurrentTask.1)
                  0001ccb8    00000008     ble_rom_patch.symbols (.tramp.WL_Init.1)
                  0001ccc0    00000008     ble_rom_patch.symbols (.tramp.LL_ENC_Init.1)
                  0001ccc8    00000008     ble_rom_patch.symbols (.tramp.LL_ClearWhiteList.1)
                  0001ccd0    00000008     ble_rom_patch.symbols (.tramp.LL_DirectTestEndDoneCback.1)
                  0001ccd8    00000008     ble_rom_patch.symbols (.tramp.llSetupAdv.1)
                  0001cce0    00000008     ble_rom_patch.symbols (.tramp.llGetNumTasks.1)
                  0001cce8    00000008     ble_rom_patch.symbols (.tramp.llFreeTask.1)
                  0001ccf0    00000008     ble_rom_patch.symbols (.tramp.WL_ClearEntry.1)
                  0001ccf8    00000008     ble_rom_patch.symbols (.tramp.LL_PseudoRand.1)
                  0001cd00    00000008     ble_rom_patch.symbols (.tramp.HCI_EXT_BuildRevisionCmd.1)
                  0001cd08    00000008     ble_rom_patch.symbols (.tramp.HCI_EXT_AdvEventNoticeCmd.1)
                  0001cd10    00000008     ble_rom_patch.symbols (.tramp.HCI_EXT_SetMaxDtmTxPowerCmd.1)
                  0001cd18    00000008     ble_rom_patch.symbols (.tramp.HCI_EXT_EnablePTMCmd.1)
                  0001cd20    00000008     ble_rom_patch.symbols (.tramp.HCI_EXT_SetBDADDRCmd.1)
                  0001cd28    00000008     ble_rom_patch.symbols (.tramp.HCI_EXT_EndModemTestCmd.1)
                  0001cd30    00000008     ble_rom_patch.symbols (.tramp.HCI_EXT_ModemTestRxCmd.1)
                  0001cd38    00000008     ble_rom_patch.symbols (.tramp.HCI_EXT_ModemHopTestTxCmd.1)
                  0001cd40    00000008     ble_rom_patch.symbols (.tramp.HCI_EXT_ModemTestTxCmd.1)
                  0001cd48    00000008     ble_rom_patch.symbols (.tramp.HCI_EXT_SetLocalSupportedFeaturesCmd.1)
                  0001cd50    00000008     ble_rom_patch.symbols (.tramp.HCI_EXT_DecryptCmd.1)
                  0001cd58    00000008     ble_rom_patch.symbols (.tramp.HCI_EXT_SetTxPowerCmd.1)
                  0001cd60    00000008     ble_rom_patch.symbols (.tramp.HCI_LE_TestEndCmd.1)
                  0001cd68    00000008     ble_rom_patch.symbols (.tramp.HCI_LE_ReadSupportedStatesCmd.1)
                  0001cd70    00000008     ble_rom_patch.symbols (.tramp.HCI_LE_EncryptCmd.1)
                  0001cd78    00000008     ble_rom_patch.symbols (.tramp.HCI_LE_RemoveWhiteListCmd.1)
                  0001cd80    00000008     ble_rom_patch.symbols (.tramp.HCI_LE_AddWhiteListCmd.1)
                  0001cd88    00000008     ble_rom_patch.symbols (.tramp.HCI_LE_ClearWhiteListCmd.1)
                  0001cd90    00000008     ble_rom_patch.symbols (.tramp.HCI_LE_ReadWhiteListSizeCmd.1)
                  0001cd98    00000008     ble_rom_patch.symbols (.tramp.HCI_LE_ReadAdvChanTxPowerCmd.1)
                  0001cda0    00000008     ble_rom_patch.symbols (.tramp.HCI_LE_ReadLocalSupportedFeaturesCmd.1)
                  0001cda8    00000008     ble_rom_patch.symbols (.tramp.HCI_ReadLocalSupportedFeaturesCmd.1)
                  0001cdb0    00000008     ble_rom_patch.symbols (.tramp.HCI_SetEventMaskCmd.1)

.const     0    0001cdb8    000006e4     
                  0001cdb8    00000014     osal_icall_ble.obj (.const:tasksArr)
                  0001cdcc    000006d0     rom_jt.obj (.const:$O11$$)

.constdata 
*          0    0001d49c    00000000     UNINITIALIZED

.rodata    0    0001d49c    0000005e     
                  0001d49c    0000005c     cc2640_ctrl_xxbx.a : ll_config.o (.rodata)
                  0001d4f8    00000002                        : ll_patch.o (.rodata)

.cinit     0    0001d500    000002d8     
                  0001d500    0000000c     (__TI_handler_table)
                  0001d50c    00000010     (__TI_cinit_table)
                  0001d51c    00000004     --HOLE-- [fill = 0]
                  0001d520    000002ac     (.cinit..data.load) [load image]
                  0001d7cc    00000004     --HOLE-- [fill = 0]
                  0001d7d0    00000008     (.cinit..bss.load) [load image, compression = zero_init]

.pinit     0    0001d7d8    00000000     UNINITIALIZED

.init_array 
*          0    0001d7d8    00000000     UNINITIALIZED

.emb_text 
*          0    0001d7d8    00000000     UNINITIALIZED

.bss       0    200045b8    00000088     UNINITIALIZED
                  200045b8    00000004     host_xxbx.a : gap_devmgr.o (.bss)
                  200045bc    00000004                 : gap_devmgr.o (.bss)
                  200045c0    00000001                 : gap_devmgr.o (.bss)
                  200045c1    00000001                 : sm_task.o (.bss)
                  200045c2    00000001     cc26xx_hci_tl_none.a : hci_tl.o (.bss)
                  200045c3    00000001                          : hci_tl.o (.bss)
                  200045c4    00000004     host_xxbx.a : gap_simpletask.o (.bss)
                  200045c8    00000010     cc2640_ctrl_xxbx.a : hci_event_patch.o (.bss)
                  200045d8    00000008                        : ll_patch.o (.bss)
                  200045e0    00000001     cc26xx_hci_tl_none.a : hci_tl.o (.bss)
                  200045e1    00000001                          : hci_tl.o (.bss)
                  200045e2    00000001                          : hci_tl.o (.bss)
                  200045e3    00000001                          : hci_tl.o (.bss)
                  200045e4    00000004     hal_trng_wrapper.obj (.bss)
                  200045e8    0000003c     ble_dispatch.obj (.bss:$O3$$)
                  20004624    0000000c     osal_timers.obj (.bss:$O9$$)
                  20004630    0000000c     icall_startup.obj (.bss:$O10$$)
                  2000463c    00000004     (.common:tasksEvents)

.data      0    20004640    000002a4     UNINITIALIZED
                  20004640    0000002c     host_xxbx.a : gap_configmgr.o (.data)
                  2000466c    00000050                 : gap_configmgr.o (.data)
                  200046bc    0000001c                 : gap_peridevmgr.o (.data)
                  200046d8    0000000c                 : gap_simpletask.o (.data)
                  200046e4    00000020     cc2640_ctrl_xxbx.a : ll_config.o (.data)
                  20004704    00000004     osal_bufmgr.obj (.data)
                  20004708    00000120     cc2640_ctrl_xxbx.a : ll_patch.o (.data)
                  20004828    00000008     hal_assert.obj (.data:$O1$$)
                  20004830    00000028     osal.obj (.data:$O4$$)
                  20004858    0000007c     osal_cbtimer.obj (.data:$O5$$)
                  200048d4    00000008     osal_clock.obj (.data:$O6$$)
                  200048dc    00000004     osal_pwrmgr.obj (.data:$O7$$)
                  200048e0    00000004     osal_snv_wrapper.obj (.data:$O8$$)

.TI.bound:NV_FLASH 
*          0    0001e000    00001000     
                  0001e000    00001000     osal_snv_wrapper.obj (.TI.bound:NV_FLASH)

MODULE SUMMARY

       Module                                   code    ro data   rw data
       ------                                   ----    -------   -------
    .\HAL\Common\
       hal_assert.obj                           32      0         8      
    +--+----------------------------------------+-------+---------+---------+
       Total:                                   32      0         8      
                                                                         
    .\HAL\Target\CC2650\Drivers\
       hal_trng_wrapper.obj                     120     0         4      
       hal_flash_wrapper.obj                    88      0         0      
    +--+----------------------------------------+-------+---------+---------+
       Total:                                   208     0         4      
                                                                         
    .\ICallBLE\
       ble_dispatch.obj                         1532    0         60     
    +--+----------------------------------------+-------+---------+---------+
       Total:                                   1532    0         60     
                                                                         
    .\OSAL\
       osal_snv_wrapper.obj                     660     4096      4      
       osal.obj                                 1144    0         40     
       osal_timers.obj                          756     0         12     
       osal_cbtimer.obj                         156     0         124    
       osal_bufmgr.obj                          200     0         4      
       osal_pwrmgr.obj                          144     0         4      
       osal_memory_icall.obj                    68      0         0      
       osal_clock.obj                           0       0         8      
    +--+----------------------------------------+-------+---------+---------+
       Total:                                   3128    4096      196    
                                                                         
    .\Startup\
       rom_jt.obj                               54      1744      0      
       icall_startup.obj                        868     0         12     
       osal_icall_ble.obj                       56      20        0      
    +--+----------------------------------------+-------+---------+---------+
       Total:                                   978     1764      12     
                                                                         
    .\TOOLS\
       onboard.obj                              20      0         0      
    +--+----------------------------------------+-------+---------+---------+
       Total:                                   20      0         0      
                                                                         
    C:\Users\Carlo\AppData\Local\Temp\
       {F8F776A2-F66D-4DD1-B803-14BC43B035C5}   136     0         4      
    +--+----------------------------------------+-------+---------+---------+
       Total:                                   136     0         4      
                                                                         
    C:\ti\simplelink\ble_sdk_2_02_02_25\src\rom\ble_rom_releases\04242014\
       ble_rom_patch.symbols                    408     0         0      
    +--+----------------------------------------+-------+---------+---------+
       Total:                                   408     0         0      
                                                                         
    C:/ti/tirtos_cc13xx_cc26xx_2_21_01_08/products/cc26xxware_2_24_03_17272/driverlib/bin/ccs/driverlib.lib
       interrupt.obj                            196     0         0      
       flash.obj                                56      0         0      
       cpu.obj                                  24      0         0      
       vims.obj                                 20      0         0      
    +--+----------------------------------------+-------+---------+---------+
       Total:                                   296     0         0      
                                                                         
    C:\ti\ccs901\ccs\tools\compiler\ti-cgt-arm_18.12.1.LTS\lib\rtsv7M3_T_le_eabi.lib
       memcpy_t2.asm.obj                        156     0         0      
       ull_div_t2.asm.obj                       150     0         0      
       memset_t2.asm.obj                        122     0         0      
       copy_decompress_lzss.c.obj               104     0         0      
       autoinit.c.obj                           76      0         0      
       memcmp.c.obj                             36      0         0      
       ll_mul_t2.asm.obj                        24      0         0      
       copy_zero_init.c.obj                     18      0         0      
       copy_decompress_none.c.obj               14      0         0      
       div0.asm.obj                             2       0         0      
    +--+----------------------------------------+-------+---------+---------+
       Total:                                   702     0         0      
                                                                         
    C:\ti\simplelink\ble_sdk_2_02_02_25\blelib\ctrl\cc2640\cc2640_ctrl_xxbx.a
       ll_patch.o                               4452    2         296    
       hci_event_patch.o                        1086    0         16     
       ll_common_patch.o                        832     0         0      
       hci_patch.o                              572     0         0      
       ll_isr.o                                 488     0         0      
       ll_scheduler_patch.o                     376     0         0      
       ble_patch.o                              304     0         0      
       ll_adv_end_causes_patch.o                208     0         0      
       ll_wl_patch.o                            174     0         0      
       ll_config.o                              0       92        32     
       ll_sleep.o                               70      0         0      
       ll_rat_patch.o                           16      0         0      
    +--+----------------------------------------+-------+---------+---------+
       Total:                                   8578    94        344    
                                                                         
    C:\ti\simplelink\ble_sdk_2_02_02_25\blelib\hci_tl\cc26xx\cc26xx_hci_tl_none.a
       hci_tl.o                                 176     0         6      
    +--+----------------------------------------+-------+---------+---------+
       Total:                                   176     0         6      
                                                                         
    C:\ti\simplelink\ble_sdk_2_02_02_25\blelib\host\host_xxbx.a
       gap_peridevmgr.o                         1572    0         28     
       gap_configmgr.o                          808     0         124    
       sm_mgr.o                                 810     0         0      
       gap_simpletask.o                         332     0         16     
       gap_devmgr.o                             176     0         9      
       sm_task.o                                0       0         1      
    +--+----------------------------------------+-------+---------+---------+
       Total:                                   3698    0         178    
                                                                         
       Linker Generated:                        0       720       0      
    +--+----------------------------------------+-------+---------+---------+
       Grand Total:                             19892   6674      812    


LINKER GENERATED COPY TABLES

__TI_cinit_table @ 0001d50c records: 2, size/record: 8, table size: 16
	.data: load addr=0001d520, load size=000002ac bytes, run addr=20004640, run size=000002a4 bytes, compression=copy
	.bss: load addr=0001d7d0, load size=00000008 bytes, run addr=200045b8, run size=00000088 bytes, compression=zero_init


LINKER GENERATED HANDLER TABLE

__TI_handler_table @ 0001d500 records: 3, size/record: 4, table size: 12
	index: 0, handler: __TI_decompress_lzss
	index: 1, handler: __TI_decompress_none
	index: 2, handler: __TI_zero_init


FAR CALL TRAMPOLINES

callee name               trampoline name
   callee addr  tramp addr   call addr  call info
--------------  -----------  ---------  ----------------
__TI_auto_init_nobinit_nopinit  $Tramp$TT$S$$__TI_auto_init_nobinit_nopinit
   0001b661     00018364     0001800c   icall_startup.obj (EntrySection)
ICall_enrollService$18    $Tramp$TT$S$$ICall_enrollService$18
   0001cb61     0001836c     000180a0   icall_startup.obj (EntrySection)
                             0001818a   icall_startup.obj (EntrySection)
halAssertHandlerExt       $Tramp$TT$S$$halAssertHandlerExt
   0001ba65     00018374     000180b0   icall_startup.obj (EntrySection)
HalFlashRead              $Tramp$TT$S$$HalFlashRead
   0001c74b     0001837c     000180da   icall_startup.obj (EntrySection)
findOffset$13             $Tramp$TT$S$$findOffset$13
   0001c9d7     00018384     000180ec   icall_startup.obj (EntrySection)
                             00018104   icall_startup.obj (EntrySection)
compactPage$13            $Tramp$TT$S$$compactPage$13
   0001c8d1     0001838c     000180f0   icall_startup.obj (EntrySection)
erasePage$13              $Tramp$TT$S$$erasePage$13
   0001c887     00018394     000180f6   icall_startup.obj (EntrySection)
setActivePage$13          $Tramp$TT$S$$setActivePage$13
   0001c8bd     0001839c     000180fa   icall_startup.obj (EntrySection)
ICall_getTicks$14         $Tramp$TT$S$$ICall_getTicks$14
   0001b703     000183a4     00018114   icall_startup.obj (EntrySection)
osal_mem_alloc            $Tramp$TT$S$$osal_mem_alloc
   0001cb37     000183ac     0001812a   icall_startup.obj (EntrySection)
                             00018144   icall_startup.obj (EntrySection)
osal_memset               $Tramp$TT$S$$osal_memset
   0001bc21     000183b4     00018134   icall_startup.obj (EntrySection)
                             0001813e   icall_startup.obj (EntrySection)
                             00018152   icall_startup.obj (EntrySection)
                             00018174   icall_startup.obj (EntrySection)
LL_Init                   $Tramp$TT$S$$LL_Init
   00019ebf     000183bc     00018158   icall_startup.obj (EntrySection)
HCI_Init                  $Tramp$TT$S$$HCI_Init
   0001b3f5     000183c4     0001815e   icall_startup.obj (EntrySection)
GAP_Init                  $Tramp$TT$S$$GAP_Init
   00018e0f     000183cc     0001817a   icall_startup.obj (EntrySection)
ICall_setTimer$7          $Tramp$TT$S$$ICall_setTimer$7
   0001bfb5     000183d4     000181dc   icall_startup.obj (EntrySection)
ICall_abort$7             $Tramp$TT$S$$ICall_abort$7
   0001bf3f     000183dc     000181e2   icall_startup.obj (EntrySection)
                             0001824e   icall_startup.obj (EntrySection)
osal_next_timeout         $Tramp$TT$S$$osal_next_timeout
   0001b96b     000183e4     000181e8   icall_startup.obj (EntrySection)
                             000182ba   icall_startup.obj (EntrySection)
osal_timer_refTimeUpdate  $Tramp$TT$S$$osal_timer_refTimeUpdate
   0001b7fb     000183ec     000181f0   icall_startup.obj (EntrySection)
osal_alien2proxy$7        $Tramp$TT$S$$osal_alien2proxy$7
   0001bf61     000183f4     0001822e   icall_startup.obj (EntrySection)
osal_msg_send             $Tramp$TT$S$$osal_msg_send
   0001bdb7     000183fc     00018248   icall_startup.obj (EntrySection)
ICall_setTimerMSecs$7     $Tramp$TT$S$$ICall_setTimerMSecs$7
   0001bfe7     00018404     000182f4   icall_startup.obj (EntrySection)
HCI_ReadBDADDRCmd         $Tramp$TT$L$PI$$HCI_ReadBDADDRCmd
   10009765     0001cc20     0001844e   host_xxbx.a : gap_configmgr.o (.text)
                             0001c6d6   ble_dispatch.obj (.text)
HCI_LE_SetRandomAddressCmd  $Tramp$TT$L$PI$$HCI_LE_SetRandomAddressCmd
   10009849     0001cc28     000185fe   host_xxbx.a : gap_configmgr.o (.text)
LL_ReadBDADDR             $Tramp$TT$L$PI$$LL_ReadBDADDR
   100056c9     0001cc30     000186cc   host_xxbx.a : gap_configmgr.o (.text)
HCI_LE_SetAdvDataCmd      $Tramp$TT$L$PI$$HCI_LE_SetAdvDataCmd
   100098a1     0001cc38     000188cc   host_xxbx.a : gap_peridevmgr.o (.text)
                             00018d64               : gap_peridevmgr.o (.text)
HCI_LE_SetScanRspDataCmd  $Tramp$TT$L$PI$$HCI_LE_SetScanRspDataCmd
   100098bd     0001cc40     000188d6   host_xxbx.a : gap_peridevmgr.o (.text)
                             00018d6e               : gap_peridevmgr.o (.text)
HCI_LE_SetAdvEnableCmd    $Tramp$TT$L$PI$$HCI_LE_SetAdvEnableCmd
   100098d9     0001cc48     00018926   host_xxbx.a : gap_peridevmgr.o (.text)
                             00018af4               : gap_peridevmgr.o (.text)
HCI_LE_SetAdvParamCmd     $Tramp$TT$L$PI$$HCI_LE_SetAdvParamCmd
   1000986d     0001cc50     00018c3c   host_xxbx.a : gap_peridevmgr.o (.text)
LL_Encrypt                $Tramp$TT$L$PI$$LL_Encrypt
   100057d5     0001cc58     00019272   host_xxbx.a : sm_mgr.o (.text)
llPatchCM0                $Tramp$TT$L$PI$$llPatchCM0
   1000adb1     0001cc60     0001927e   cc2640_ctrl_xxbx.a : ble_patch.o (.text)
RFHAL_AllocRatChan        $Tramp$TT$L$PI$$RFHAL_AllocRatChan
   10018315     0001cc68     00019282   cc2640_ctrl_xxbx.a : ble_patch.o (.text)
RFHAL_RegisterRatChanCallback  $Tramp$TT$L$PI$$RFHAL_RegisterRatChanCallback
   10018391     0001cc70     0001928e   cc2640_ctrl_xxbx.a : ble_patch.o (.text)
HCI_SendCommandCompleteEvent  $Tramp$TT$L$PI$$HCI_SendCommandCompleteEvent
   10008c81     0001cc78     00019748   cc2640_ctrl_xxbx.a : hci_event_patch.o (.text)
HCI_CommandCompleteEvent  $Tramp$TT$L$PI$$HCI_CommandCompleteEvent
   10008add     0001cc80     00019852   cc2640_ctrl_xxbx.a : hci_patch.o (.text)
                             00019880                      : hci_patch.o (.text)
                             000199aa                      : hci_patch.o (.text)
                             000199d8                      : hci_patch.o (.text)
LL_EXT_ResetSystem        $Tramp$TT$L$PI$$LL_EXT_ResetSystem
   100070d5     0001cc88     000198ec   cc2640_ctrl_xxbx.a : hci_patch.o (.text)
LL_ReadLocalVersionInfo   $Tramp$TT$L$PI$$LL_ReadLocalVersionInfo
   1000589d     0001cc90     00019968   cc2640_ctrl_xxbx.a : hci_patch.o (.text)
LL_ENC_GeneratePseudoRandNum  $Tramp$TT$L$PI$$LL_ENC_GeneratePseudoRandNum
   1000b50d     0001cc98     00019a8e   cc2640_ctrl_xxbx.a : ll_adv_end_causes_patch.o (.text)
llScheduler               $Tramp$TT$L$PI$$llScheduler
   1000a335     0001cca0     00019ade   cc2640_ctrl_xxbx.a : ll_adv_end_causes_patch.o (.text)
                             0001a7cc                      : ll_patch.o (.text)
                             0001a816                      : ll_patch.o (.text)
llEventDelta              $Tramp$TT$L$PI$$llEventDelta
   10008719     0001cca8     00019b60   cc2640_ctrl_xxbx.a : ll_common_patch.o (.text)
llGetCurrentTask          $Tramp$TT$L$PI$$llGetCurrentTask
   1000ac3d     0001ccb0     0001a062   cc2640_ctrl_xxbx.a : ll_patch.o (.text)
                             0001a7ec                      : ll_patch.o (.text)
WL_Init                   $Tramp$TT$L$PI$$WL_Init
   1000d189     0001ccb8     0001a118   cc2640_ctrl_xxbx.a : ll_patch.o (.text)
LL_ENC_Init               $Tramp$TT$L$PI$$LL_ENC_Init
   1000b4c9     0001ccc0     0001a11c   cc2640_ctrl_xxbx.a : ll_patch.o (.text)
                             0001b12c                      : ll_sleep.o (.text)
LL_ClearWhiteList         $Tramp$TT$L$PI$$LL_ClearWhiteList
   10005719     0001ccc8     0001a120   cc2640_ctrl_xxbx.a : ll_patch.o (.text)
LL_DirectTestEndDoneCback  $Tramp$TT$L$PI$$LL_DirectTestEndDoneCback
   10009471     0001ccd0     0001a636   cc2640_ctrl_xxbx.a : ll_patch.o (.text)
                             0001a668                      : ll_patch.o (.text)
llSetupAdv                $Tramp$TT$L$PI$$llSetupAdv
   100073e5     0001ccd8     0001a790   cc2640_ctrl_xxbx.a : ll_patch.o (.text)
llGetNumTasks             $Tramp$TT$L$PI$$llGetNumTasks
   1000ace1     0001cce0     0001a7e4   cc2640_ctrl_xxbx.a : ll_patch.o (.text)
llFreeTask                $Tramp$TT$L$PI$$llFreeTask
   1000abed     0001cce8     0001a80a   cc2640_ctrl_xxbx.a : ll_patch.o (.text)
WL_ClearEntry             $Tramp$TT$L$PI$$WL_ClearEntry
   1000d1f5     0001ccf0     0001b16e   cc2640_ctrl_xxbx.a : ll_wl_patch.o (.text)
LL_PseudoRand             $Tramp$TT$L$PI$$LL_PseudoRand
   10005801     0001ccf8     0001bb4e   onboard.obj (.text)
HCI_EXT_BuildRevisionCmd  $Tramp$TT$L$PI$$HCI_EXT_BuildRevisionCmd
   1000a109     0001cd00     0001c612   ble_dispatch.obj (.text)
HCI_EXT_AdvEventNoticeCmd  $Tramp$TT$L$PI$$HCI_EXT_AdvEventNoticeCmd
   1000a0f1     0001cd08     0001c61c   ble_dispatch.obj (.text)
HCI_EXT_SetMaxDtmTxPowerCmd  $Tramp$TT$L$PI$$HCI_EXT_SetMaxDtmTxPowerCmd
   10009fd1     0001cd10     0001c624   ble_dispatch.obj (.text)
HCI_EXT_EnablePTMCmd      $Tramp$TT$L$PI$$HCI_EXT_EnablePTMCmd
   10009f69     0001cd18     0001c62a   ble_dispatch.obj (.text)
HCI_EXT_SetBDADDRCmd      $Tramp$TT$L$PI$$HCI_EXT_SetBDADDRCmd
   10009f0d     0001cd20     0001c632   ble_dispatch.obj (.text)
HCI_EXT_EndModemTestCmd   $Tramp$TT$L$PI$$HCI_EXT_EndModemTestCmd
   10009eed     0001cd28     0001c638   ble_dispatch.obj (.text)
HCI_EXT_ModemTestRxCmd    $Tramp$TT$L$PI$$HCI_EXT_ModemTestRxCmd
   10009ecd     0001cd30     0001c640   ble_dispatch.obj (.text)
HCI_EXT_ModemHopTestTxCmd  $Tramp$TT$L$PI$$HCI_EXT_ModemHopTestTxCmd
   10009ead     0001cd38     0001c646   ble_dispatch.obj (.text)
HCI_EXT_ModemTestTxCmd    $Tramp$TT$L$PI$$HCI_EXT_ModemTestTxCmd
   10009e8d     0001cd40     0001c650   ble_dispatch.obj (.text)
HCI_EXT_SetLocalSupportedFeaturesCmd  $Tramp$TT$L$PI$$HCI_EXT_SetLocalSupportedFeaturesCmd
   10009e2d     0001cd48     0001c658   ble_dispatch.obj (.text)
HCI_EXT_DecryptCmd        $Tramp$TT$L$PI$$HCI_EXT_DecryptCmd
   10009dd1     0001cd50     0001c662   ble_dispatch.obj (.text)
HCI_EXT_SetTxPowerCmd     $Tramp$TT$L$PI$$HCI_EXT_SetTxPowerCmd
   10009d09     0001cd58     0001c66a   ble_dispatch.obj (.text)
HCI_LE_TestEndCmd         $Tramp$TT$L$PI$$HCI_LE_TestEndCmd
   10009c8d     0001cd60     0001c670   ble_dispatch.obj (.text)
HCI_LE_ReadSupportedStatesCmd  $Tramp$TT$L$PI$$HCI_LE_ReadSupportedStatesCmd
   10009c15     0001cd68     0001c68a   ble_dispatch.obj (.text)
HCI_LE_EncryptCmd         $Tramp$TT$L$PI$$HCI_LE_EncryptCmd
   10009af5     0001cd70     0001c694   ble_dispatch.obj (.text)
HCI_LE_RemoveWhiteListCmd  $Tramp$TT$L$PI$$HCI_LE_RemoveWhiteListCmd
   10009a31     0001cd78     0001c69e   ble_dispatch.obj (.text)
HCI_LE_AddWhiteListCmd    $Tramp$TT$L$PI$$HCI_LE_AddWhiteListCmd
   10009a15     0001cd80     0001c6a8   ble_dispatch.obj (.text)
HCI_LE_ClearWhiteListCmd  $Tramp$TT$L$PI$$HCI_LE_ClearWhiteListCmd
   100099f9     0001cd88     0001c6ae   ble_dispatch.obj (.text)
HCI_LE_ReadWhiteListSizeCmd  $Tramp$TT$L$PI$$HCI_LE_ReadWhiteListSizeCmd
   100099c9     0001cd90     0001c6b4   ble_dispatch.obj (.text)
HCI_LE_ReadAdvChanTxPowerCmd  $Tramp$TT$L$PI$$HCI_LE_ReadAdvChanTxPowerCmd
   100098f5     0001cd98     0001c6ba   ble_dispatch.obj (.text)
HCI_LE_ReadLocalSupportedFeaturesCmd  $Tramp$TT$L$PI$$HCI_LE_ReadLocalSupportedFeaturesCmd
   10009829     0001cda0     0001c6c0   ble_dispatch.obj (.text)
HCI_ReadLocalSupportedFeaturesCmd  $Tramp$TT$L$PI$$HCI_ReadLocalSupportedFeaturesCmd
   1000973d     0001cda8     0001c6dc   ble_dispatch.obj (.text)
HCI_SetEventMaskCmd       $Tramp$TT$L$PI$$HCI_SetEventMaskCmd
   10009571     0001cdb0     0001c6fe   ble_dispatch.obj (.text)

[72 trampolines]
[92 trampoline calls]


GLOBAL SYMBOLS: SORTED ALPHABETICALLY BY Name 

address   name                                 
-------   ----                                 
10014c00  A1_rw                                
10005000  A1_rw_1                              
10019ffe  A2_rw                                
1000dffe  A2_rw_1                              
10019ffc  A3_rw                                
1000dffc  A3_rw_1                              
20004f2c  A4_rw                                
200048e8  A4_rw_1                              
20004f7c  ACCX                                 
20004f80  ACCY                                 
20004f84  ACCZ                                 
10015229  ATOMICPATTERN                        
10016c29  AddRoundKeySubBytes_Sw               
10018a19  AesCcm_authEncrypt_Sw                
10018a35  AesCcm_decryptAuth_Sw                
10018b09  AesCcm_getNumBlocks_Sw               
10018ac5  Aes_decrypt_Sw                       
10018a99  Aes_encrypt_Sw                       
20004f2c  COMMON_RAM_BASE_ADDR                 
10014c01  COMMON_ROM_BASE_ADDR                 
10015a6d  COPY                                 
10017959  ECC_allocWorkzone                    
10017dbd  ECC_keyGen                           
10017961  ECC_setWin                           
10017ded  ECDH_commonKey                       
10017969  ECDSA_sign                           
10017b01  ECDSA_verif                          
10015a11  EXPORTOPERAND                        
20004f78  EXPW                                 
20004f6c  EXPX                                 
20004f70  EXPY                                 
20004f74  EXPZ                                 
10016f58  FFMult2                              
10017058  FFMult3                              
10016d05  FFMult_Sw                            
10018d6c  Fill1                                
1000d9ec  Fill1_1                              
0001848f  GAP_ConfigDeviceAddr                 
000188df  GAP_EndDiscoverable                  
000189d5  GAP_GetAdvToken                      
00018489  GAP_GetIRK                           
00018427  GAP_GetParamValue                    
00018e0f  GAP_Init                             
000187e5  GAP_MakeDiscoverable                 
00018e7f  GAP_NumActiveConnections             
00018439  GAP_ParamsInit                       
00018a49  GAP_PeriDevMgrInit                   
00018483  GAP_PrivacyInit                      
00018e17  GAP_ProcessEvent                     
00018e09  GAP_RegisterForMsgs                  
000189eb  GAP_RemoveAdvToken                   
00018735  GAP_ResolvePrivateAddr               
00018461  GAP_SecParamsInit                    
0001892b  GAP_SetAdvToken                      
0001840d  GAP_SetParamValue                    
00018a35  GAP_UpdateAdvTokens                  
00018877  GAP_UpdateAdvertisingData            
10015141  GETBIT                               
10015155  GETDIGIT                             
100151a5  GETDIGITL2R                          
10008add  HCI_CommandCompleteEvent             
10008ba1  HCI_CommandStatusEvent               
10008a2d  HCI_DataBufferOverflowEvent          
10009525  HCI_DisconnectCmd                    
1000a0f1  HCI_EXT_AdvEventNoticeCmd            
1000a109  HCI_EXT_BuildRevisionCmd             
10009d79  HCI_EXT_ClkDivOnHaltCmd              
10009dad  HCI_EXT_DeclareNvUsageCmd            
10009dd1  HCI_EXT_DecryptCmd                   
00019903  HCI_EXT_DelaySleepCmd                
1000a011  HCI_EXT_DisconnectImmedCmd           
10009f69  HCI_EXT_EnablePTMCmd                 
10009eed  HCI_EXT_EndModemTestCmd              
1000a095  HCI_EXT_ExtendRfRangeCmd             
1000a0d1  HCI_EXT_HaltDuringRfCmd              
10009ff1  HCI_EXT_MapPmIoPortCmd               
10009ead  HCI_EXT_ModemHopTestTxCmd            
10009ecd  HCI_EXT_ModemTestRxCmd               
10009e8d  HCI_EXT_ModemTestTxCmd               
1000a1b5  HCI_EXT_NumComplPktsLimitCmd         
10009d45  HCI_EXT_OnePktPerEvtCmd              
1000a195  HCI_EXT_OverlappedProcessingCmd      
1000a075  HCI_EXT_PERbyChanCmd                 
1000a031  HCI_EXT_PacketErrorRateCmd           
000198dd  HCI_EXT_ResetSystemCmd               
10009fb1  HCI_EXT_SaveFreqTuneCmd              
10009f0d  HCI_EXT_SetBDADDRCmd                 
10009e4d  HCI_EXT_SetFastTxResponseTimeCmd     
10009f81  HCI_EXT_SetFreqTuneCmd               
10009e2d  HCI_EXT_SetLocalSupportedFeaturesCmd 
10009fd1  HCI_EXT_SetMaxDtmTxPowerCmd          
10009cd5  HCI_EXT_SetRxGainCmd                 
10009f49  HCI_EXT_SetSCACmd                    
10009e6d  HCI_EXT_SetSlaveLatencyOverrideCmd   
10009d09  HCI_EXT_SetTxPowerCmd                
0001b47b  HCI_ExtTaskRegister                  
0001b469  HCI_GAPTaskRegister                  
00019759  HCI_HardwareErrorEvent               
10009631  HCI_HostBufferSizeCmd                
1000965d  HCI_HostNumCompletedPktCmd           
0001b3f5  HCI_Init                             
0001b46f  HCI_L2CAPTaskRegister                
10009a15  HCI_LE_AddWhiteListCmd               
100099f9  HCI_LE_ClearWhiteListCmd             
1000999d  HCI_LE_CreateConnCancelCmd           
1000995d  HCI_LE_CreateConnCmd                 
10009af5  HCI_LE_EncryptCmd                    
10009be1  HCI_LE_LtkReqNegReplyCmd             
10009bc5  HCI_LE_LtkReqReplyCmd                
10009b51  HCI_LE_RandCmd                       
100098f5  HCI_LE_ReadAdvChanTxPowerCmd         
0001985b  HCI_LE_ReadBufSizeCmd                
10009aa1  HCI_LE_ReadChannelMapCmd             
10009829  HCI_LE_ReadLocalSupportedFeaturesCmd 
10009c15  HCI_LE_ReadSupportedStatesCmd        
100099c9  HCI_LE_ReadWhiteListSizeCmd          
000198a3  HCI_LE_ReceiverTestCmd               
0001988d  HCI_LE_RemoteConnParamReqNegReplyCmd 
00019889  HCI_LE_RemoteConnParamReqReplyCmd    
10009a31  HCI_LE_RemoveWhiteListCmd            
100098a1  HCI_LE_SetAdvDataCmd                 
100098d9  HCI_LE_SetAdvEnableCmd               
1000986d  HCI_LE_SetAdvParamCmd                
00019927  HCI_LE_SetEventMaskCmd               
10009a85  HCI_LE_SetHostChanClassificationCmd  
10009849  HCI_LE_SetRandomAddressCmd           
10009941  HCI_LE_SetScanEnableCmd              
10009915  HCI_LE_SetScanParamCmd               
100098bd  HCI_LE_SetScanRspDataCmd             
10009ba9  HCI_LE_StartEncyptCmd                
10009c8d  HCI_LE_TestEndCmd                    
00019891  HCI_LE_TransmitterTestCmd            
0001b427  HCI_ProcessEvent                     
10009765  HCI_ReadBDADDRCmd                    
00019847  HCI_ReadLocalSupportedCommandsCmd    
1000973d  HCI_ReadLocalSupportedFeaturesCmd    
0001995d  HCI_ReadLocalVersionInfoCmd          
10009541  HCI_ReadRemoteVersionInfoCmd         
000199b5  HCI_ReadRssiCmd                      
100095d1  HCI_ReadTransmitPowerLevelCmd        
00019825  HCI_ResetCmd                         
1000d7cd  HCI_ReverseBytes                     
0001b475  HCI_SMPTaskRegister                  
10008c81  HCI_SendCommandCompleteEvent         
10008c59  HCI_SendCommandStatusEvent           
10008d31  HCI_SendControllerToHostEvent        
100094e9  HCI_SendDataPkt                      
100095f5  HCI_SetControllerToHostFlowCtrlCmd   
10009571  HCI_SetEventMaskCmd                  
000198b5  HCI_SetEventMaskPage2Cmd             
0001b463  HCI_TestAppTaskRegister              
000197e9  HCI_ValidConnTimeParams              
000196f9  HCI_VendorSpecifcCommandCompleteEvent
100094a1  HCI_bm_alloc                         
0001c731  HalFlashGetAddress                   
0001c74b  HalFlashRead                         
0001c777  HalFlashWrite                        
0001ba17  HalTRNG_GetTRNG                      
0001b9e9  HalTRNG_InitTRNG                     
20004630  ICall_dispatcher                     
20004634  ICall_enterCriticalSection           
20004638  ICall_leaveCriticalSection           
10015a35  IMPORTDATA                           
100159a9  IMPORTLENGTH                         
100159ad  IMPORTMODULUS                        
100159d1  IMPORTOPERAND                        
1001568d  INVERT                               
10016da1  InvAddRoundKey_Sw                    
10016ed5  InvMixColumns_Sw                     
10016dc9  InvRoundKey_Sw                       
10017264  InvSbox                              
10016ea1  InvShiftRows_Sw                      
10016e8d  InvSubBytes_Sw                       
100154f5  JACADD                               
20004fe8  LEN                                  
10005739  LL_AddWhiteListDevice                
10008d81  LL_AdvReportCback                    
00019491  LL_AuthPayloadTimeoutExpiredCback    
10005719  LL_ClearWhiteList                    
1000678d  LL_ConnActive                        
000193ed  LL_ConnParamUpdateCback              
10008ead  LL_ConnectionCompleteCback           
100058d5  LL_CtrlToHostFlowControl             
0001a603  LL_DirectTestEnd                     
10009471  LL_DirectTestEndDoneCback            
0001a52d  LL_DirectTestRxTest                  
0001a3bb  LL_DirectTestTxTest                  
10005a39  LL_Disconnect                        
10009005  LL_DisconnectCback                   
0001b239  LL_DoorbellErrorCback                
1000b639  LL_ENC_AES128_Decrypt                
1000b5f5  LL_ENC_AES128_Encrypt                
1000b851  LL_ENC_DecryptMsg                    
1000b721  LL_ENC_EncryptMsg                    
1000b555  LL_ENC_GenDeviceIV                   
1000b541  LL_ENC_GenDeviceSKD                  
1000b569  LL_ENC_GenerateNonce                 
1000b50d  LL_ENC_GeneratePseudoRandNum         
1000b51d  LL_ENC_GenerateTrueRandNum           
1000b4c9  LL_ENC_Init                          
1000b58d  LL_ENC_LoadKey                       
1000b4ed  LL_ENC_ReverseBytes                  
10007025  LL_EXT_AdvEventNotice                
0001a87d  LL_EXT_BuildRevision                 
10006b7d  LL_EXT_ClkDivOnHalt                  
10006b81  LL_EXT_DeclareNvUsage                
10006b85  LL_EXT_Decrypt                       
100070a1  LL_EXT_DelaySleep                    
0001a395  LL_EXT_EndModemTest                  
1000701d  LL_EXT_ExtendRfRange                 
1000a2ad  LL_EXT_ExtendRfRangeCback            
10007021  LL_EXT_HaltDuringRf                  
10006f49  LL_EXT_MapPmIoPort                   
0001a1dd  LL_EXT_ModemHopTestTx                
0001a2fd  LL_EXT_ModemTestRx                   
0001a279  LL_EXT_ModemTestTx                   
10006b59  LL_EXT_OnePacketPerEvent             
10007109  LL_EXT_OverlappedProcessing          
10006fed  LL_EXT_PERbyChan                     
10006f99  LL_EXT_PacketErrorRate               
1000a259  LL_EXT_PacketErrorRateCback          
100070d5  LL_EXT_ResetSystem                   
10006efd  LL_EXT_SaveFreqTune                  
10006e01  LL_EXT_SetBDADDR                     
10006bc5  LL_EXT_SetFastTxResponseTime         
10006ef9  LL_EXT_SetFreqTune                   
0001a16f  LL_EXT_SetLocalSupportedFeatures     
0001a1c1  LL_EXT_SetMaxDtmTxPower              
10006ad9  LL_EXT_SetRxGain                     
1000a201  LL_EXT_SetRxGainCback                
10006e85  LL_EXT_SetSCA                        
10006bdd  LL_EXT_SetSlaveLatencyOverride       
0001a195  LL_EXT_SetTxPower                    
1000a211  LL_EXT_SetTxPowerCback               
1000933d  LL_EncChangeCback                    
100093dd  LL_EncKeyRefreshCback                
1000925d  LL_EncLtkReqCback                    
100057d5  LL_Encrypt                           
000194eb  LL_EnhancedConnectionCompleteCback   
0001a835  LL_GetNumActiveConns                 
00019ebf  LL_Init                              
0001b249  LL_LastCmdDoneCback                  
100057b9  LL_NumEmptyWlEntries                 
0001b11d  LL_PM_Enter_AES                      
0001b133  LL_PM_Exit_AES                       
0001b119  LL_PM_GetRfCoreState                 
0001b15d  LL_PM_PowerOffRfCore                 
0001a05b  LL_ProcessEvent                      
10005801  LL_PseudoRand                        
1000556d  LL_RX_bm_alloc                       
100057f5  LL_Rand                              
1000a1d5  LL_RandCback                         
10006105  LL_ReadAdvChanTxPower                
100056c9  LL_ReadBDADDR                        
100059a1  LL_ReadChanMap                       
10005879  LL_ReadLocalSupportedFeatures        
1000589d  LL_ReadLocalVersionInfo              
100058e9  LL_ReadRemoteVersionInfo             
100091e1  LL_ReadRemoteVersionInfoCback        
0001a841  LL_ReadRssi                          
0001a829  LL_ReadSupportedStates               
100057a1  LL_ReadWlSize                        
10005765  LL_RemoveWhiteListDevice             
0001a0eb  LL_Reset                             
0001b39b  LL_RxEntryDoneCback                  
0001b399  LL_RxIgnoredCback                    
0001a751  LL_SetAdvControl                     
10005f89  LL_SetAdvData                        
0001a677  LL_SetAdvParam                       
100056e9  LL_SetRandomAddress                  
1000612d  LL_SetScanRspData                    
10005549  LL_TX_bm_alloc                       
20004c84  LL_TaskID                            
0001b385  LL_TxDoneCback                       
100158ac  LUTC                                 
100158dc  LUTINCI                              
100158f4  LUTJ                                 
1001588c  LUTOPCODE                            
10015894  LUTOPSIGN                            
100158c4  LUTSE                                
1001596c  LUTSTATE                             
20004fe4  MOD                                  
20004fd8  MSBMOD                               
10016c79  MixColumns_Sw                        
10018b9c  NIST256_Gx                           
10018bc0  NIST256_Gy                           
10018b54  NIST256_a                            
10018b78  NIST256_b                            
10018b0c  NIST256_p                            
10018b30  NIST256_r                            
0001b6b1  NOROM_CPUcpsid                       
0001b6a5  NOROM_CPUcpsie                       
0001ca31  NOROM_FlashProgram                   
0001ca71  NOROM_FlashSectorErase               
0001ba81  NOROM_IntDisable                     
0001bae9  NOROM_IntEnable                      
0001ca1d  NOROM_VIMSModeGet                    
0001e000  NV_FLASH                             
200048d8  OSAL_timeSeconds                     
0001bb49  Onboard_rand                         
0001bb45  Onboard_soft_reset                   
10014c04  P1_ro                                
10005004  P1_ro_1                              
10019ffe  P1_ro_2                              
1000dffe  P1_ro_2_1                            
20004f40  P2_rw                                
20004f40  P2_s0                                
20004fac  P2_zi                                
200048fc  P2_zi_1                              
0001cde4  R2F_Flash_JT                         
0001cdcc  R2F_Flash_JT_CommonROM               
0001cf80  R2R_Flash_JT                         
0001ce8c  R2R_Flash_JT_CommonROM               
200048e8  RAM_BASE_ADDR                        
10017158  RCon                                 
0001932b  RFHAL_AddTxDataEntry                 
100184f9  RFHAL_AllocDataEntry                 
100184a9  RFHAL_AllocDataEntryQueue            
10018315  RFHAL_AllocRatChan                   
100185e1  RFHAL_BuildDataEntryRingBuffer       
10018669  RFHAL_BuildLinkedBuffer              
10018551  RFHAL_BuildRingBuffer                
10018549  RFHAL_FreeDataEntry                  
100184c5  RFHAL_FreeDataEntryQueue             
10018485  RFHAL_FreeNextTxDataEntry            
1001833d  RFHAL_FreeRatChan                    
100184cd  RFHAL_GetNextDataEntry               
100184d1  RFHAL_GetTempDataEntry               
100183b9  RFHAL_InitDataQueue                  
000192c7  RFHAL_InitRfHal                      
10018369  RFHAL_MapRatChansToInt               
100184d5  RFHAL_NextDataEntryDone              
100183c5  RFHAL_QueueRFDataEntries             
10018391  RFHAL_RegisterRatChanCallback        
10005001  ROM_BASE_ADDR                        
0001b9b1  ROM_Spinlock                         
10016b79  RoundKey_Sw                          
10015101  SAVEPOINT                            
1000d964  SCA                                  
20004f68  SCAL                                 
100150e5  SCALARMUL                            
10014ced  SCALARMUL_core                       
10015019  SCALARMUL_final                      
10014c05  SCALARMUL_init                       
10015a51  SETOPERAND                           
10015a91  SETWORD                              
10018089  SHA256_final                         
10018129  SHA256_full                          
10017ffd  SHA256_init                          
10017ef1  SHA256_nextState                     
10018019  SHA256_process                       
10017e75  SHA256_round                         
10017f49  SHA256_saveBuffer                    
10017e39  SHA256_updateW                       
00018f4d  SM_CalcRandomAddr                    
00018fdb  SM_Encrypt                           
00018f85  SM_ResolveRandomAddrs                
10015821  SQUAREMULTIPLYWORD                   
10017895  SSP_CCM_Auth_Encrypt_Sw              
10017365  SSP_CCM_Auth_Sw                      
1001767d  SSP_CCM_Decrypt_Sw                   
100174fd  SSP_CCM_Encrypt_Sw                   
100178f5  SSP_CCM_InvAuth_Decrypt_Sw           
10017839  SSP_CCM_InvAuth_Sw                   
10017771  SSP_CTR_Decrypt_Sw                   
100175ed  SSP_CTR_Encrypt_Sw                   
10017164  Sbox                                 
10015215  SelectReg                            
10016c45  ShiftRows_Sw                         
20004720  SysBootMsg                           
20004f88  TMP1                                 
20004f8c  TMP2                                 
20004f90  TMP3                                 
20004f94  TMP4                                 
20004f98  TMP5                                 
20004f9c  TMP6                                 
1000d2d9  WL_AddEntry                          
0001b15f  WL_Clear                             
1000d1f5  WL_ClearEntry                        
0001b1ef  WL_ClearIgnoreList                   
0001b18d  WL_FindEntry                         
0001b183  WL_GetNumFreeEntries                 
1000d229  WL_GetSize                           
1000d189  WL_Init                              
1000d36d  WL_RemoveEntry                       
0001b1cf  WL_SetWlIgnore                       
10015a85  ZERO                                 
0001d50c  __TI_CINIT_Base                      
0001d51c  __TI_CINIT_Limit                     
0001d500  __TI_Handler_Table_Base              
0001d50c  __TI_Handler_Table_Limit             
0001b661  __TI_auto_init_nobinit_nopinit       
0001cbb9  __TI_decompress_lzss                 
0001cbab  __TI_decompress_none                 
ffffffff  __TI_pprof_out_hndl                  
ffffffff  __TI_prof_data_size                  
ffffffff  __TI_prof_data_start                 
00018000  __TI_static_base__                   
0001cb99  __TI_zero_init_nomemset              
00019277  __aeabi_idiv0                        
00019277  __aeabi_ldiv0                        
0001b533  __aeabi_lmul                         
0001b5e7  __aeabi_memclr                       
0001b5e7  __aeabi_memclr4                      
0001b5e7  __aeabi_memclr8                      
0001b54b  __aeabi_memcpy                       
0001b54b  __aeabi_memcpy4                      
0001b54b  __aeabi_memcpy8                      
0001b5e9  __aeabi_memset                       
0001b5e9  __aeabi_memset4                      
0001b5e9  __aeabi_memset8                      
0001b49d  __aeabi_uldivmod                     
ffffffff  __binit__                            
ffffffff  __c_args__                           
1000dffe  __checksum                           
10019ffe  __checksum_CommonROM                 
10005000  __checksum_begin                     
10014c00  __checksum_begin_CommonROM           
1000dffd  __checksum_end                       
10019ffd  __checksum_end_CommonROM             
00005721  __checksum_value                     
0000e0ea  __checksum_value_CommonROM           
10018ced  __exit                               
UNDEFED   _system_post_cinit                   
1000d9b0  advChan                              
20004c24  advCmd                               
20004bdc  advDataEntry                         
20004c14  advDataQueue                         
1000d9b4  advEvt2Cmd                           
1000d9c0  advEvt2State                         
200049ec  advInfo                              
2000470c  advInfoExt                           
20004e98  advOutput                            
20004d58  advParam                             
0001d4b0  advPktSuffix                         
0001bb47  appForceBoot                         
20004828  assertSubcause                       
20004fdc  aux64                                
20004858  baseTaskID                           
ffffffff  binit                                
0001c1b1  bleDispatch_ProcessEvent             
200045e8  bleDispatch_TaskID                   
20004f08  bleEvtMask                           
20004c98  buildInfo                            
20004ee8  cachedTRNGdata                       
2000485c  cbTimers                             
20004ca8  chanMapUpdate                        
20004e70  connOutput                           
20004dc8  connReqData                          
20004f24  ctrlToHostEnable                     
20004cb9  curTxPowerVal                        
20004fa0  data_Gx                              
20004fa4  data_Gy                              
20004f50  data_a                               
20004fa8  data_b                               
20004f48  data_p                               
20004f4c  data_r                               
20004ed0  deviceFeatureSet                     
20004edc  dtmInfo                              
20004cbb  fastTxRespTime                       
20004fcc  fwInfoCmd                            
00018607  gapAddAddrAdj                        
2000465c  gapAppTaskID                         
2000465f  gapAutoAdvPrivateAddrChange          
000187b9  gapClrState                          
2000465e  gapDeviceAddrMode                    
0001875b  gapFindADType                        
000186c3  gapGetDevAddress                     
000186bd  gapGetDevAddressMode                 
00018695  gapGetSRK                            
0001869b  gapGetSignCounter                    
0001862b  gapHost2CtrlOwnAddrType              
000186a3  gapIncSignCounter                    
00018739  gapIsAdvertising                     
0001873d  gapIsScanning                        
20004660  gapPrivateAddrChangeTimeout          
00018e9d  gapProcessBLEEvents                  
00018ebd  gapProcessHCICmdCompleteEvt          
000185d9  gapProcessNewAddr                    
00018e83  gapProcessOSALMsg                    
00018635  gapProcessRandomAddrComplete         
2000465d  gapProfileRole                       
00018565  gapReadBD_ADDRStatus                 
000185a1  gapReadBufSizeCmdStatus              
00018f3d  gapRegisterCentral                   
00018f43  gapRegisterPeripheral                
000187af  gapSetState                          
200045c0  gapState                             
200046d8  gapTaskID                            
200046d9  gapUnwantedTaskID                    
00018747  gapValidADType                       
2000482c  halAssertCback                       
0001ba61  halAssertHandler                     
0001ba65  halAssertHandlerExt                  
0001ba63  halAssertSpinlock                    
200045e3  hciExtTaskID                         
200045e0  hciGapTaskID                         
000193a9  hciInitEventMasks                    
200045e1  hciL2capTaskID                       
20004f28  hciPTMenabled                        
200045e2  hciSmpTaskID                         
200045c2  hciTaskID                            
200045c3  hciTestTaskID                        
20004f58  inPointX                             
20004f5c  inPointY                             
20004f54  inScalar                             
20004db0  initCmd                              
20004b94  initDataEntry                        
20004bcc  initDataQueue                        
20004e58  initInfo                             
20004eb8  initOutput                           
20004cf0  initParam                            
0001d4b8  initPktSuffix                        
20004829  legacyMode                           
0001b04f  llActiveTask                         
1000cd51  llAdv_TaskAbort                      
00019a25  llAdv_TaskEnd                        
0001afd3  llAllocTask                          
100082f1  llAtLeastTwoChans                    
1000d94d  llCalcScaFactor                      
1000c1b5  llCheckForLstoDuringSL               
00019c83  llCheckWhiteListUsage                
100072e9  llClearRfInts                        
0001d4c8  llConfigTable                        
10008631  llConnTerminate                      
20004cb0  llConns                              
10008741  llConvertCtrlProcTimeoutToEvent      
10008721  llConvertLstoToEvent                 
10008985  llDataQEmpty                         
10008965  llDataQFull                          
10008921  llDequeueDataQ                       
100072e5  llDisableRfInts                      
100072ed  llEnableRfInts                       
100080bd  llEnqueueCtrlPkt                     
10008889  llEnqueueDataQ                       
100088b5  llEnqueueHeadDataQ                   
1000d795  llEqAlreadyValidAddr                 
1000d6e5  llEqSynchWord                        
1000d709  llEqualBytes                         
10008719  llEventDelta                         
100086f1  llEventInRange                       
1000a939  llFindNextSecTask                    
1000a895  llFindStartType                      
1000abed  llFreeTask                           
100086b9  llGenerateCRC                        
1000d695  llGenerateValidAccessAddr            
1000aca9  llGetActiveTasks                     
1000d4ad  llGetAdvChanPDU                      
1000ac3d  llGetCurrentTask                     
0001af93  llGetCurrentTime                     
1000ace1  llGetNumTasks                        
1000b009  llGetNumTxDataEntries                
0001b085  llGetTask                            
0001b02d  llGetTaskState                       
00019c6f  llGetTxPower                         
1000d6b1  llGtSixConsecZerosOrOnes             
1000d731  llGtTwentyFourTransitions            
00019cf9  llHaltRadio                          
00019dc7  llHardwareError                      
00019b77  llInitFeatureSet                     
0001af91  llInitRAT                            
1000d761  llLtTwoChangesInLastSixBits          
100089f1  llMemCopyDst                         
100089d9  llMemCopySrc                         
1000afa1  llMoveTempTxDataEntries              
00019cc5  llOctets2Time                        
1000d6f5  llOneBitSynchWordDiffer              
1000adb1  llPatchCM0                           
10008665  llPendingUpdateParam                 
100072f1  llProcessPostRfOps                   
000192c5  llRatChanCBack_A                     
1000ae41  llRatChanCBack_B                     
1000ae45  llRatChanCBack_C                     
1000ae49  llRatChanCBack_D                     
10008461  llReleaseAllConnId                   
10008429  llReleaseConnId                      
00019dc5  llResetRadio                         
00019bcd  llRfInit                             
00019b8d  llRfSetup                            
00019d19  llRfStartFS                          
0001b0b5  llScheduleTask                       
1000a335  llScheduler                          
0001afa1  llSchedulerInit                      
100072e1  llSetFreqTune                        
00019c29  llSetTxPower                         
100073e5  llSetupAdv                           
1000aeb1  llSetupAdvDataEntryQueue             
10007aed  llSetupEncReq                        
10007b95  llSetupEncRsp                        
100077b5  llSetupInit                          
1000ae95  llSetupInitDataEntryQueue            
10007cfd  llSetupPauseEncReq                   
10007d55  llSetupPauseEncRsp                   
00019293  llSetupRATChanCompare                
10007df5  llSetupRejectInd                     
00019279  llSetupRfHal                         
100075fd  llSetupScan                          
1000ae4d  llSetupScanDataEntryQueue            
10007ca9  llSetupStartEncRsp                   
10008069  llSetupUnknownRsp                    
100079c9  llSetupUpdateParamReq                
10007f29  llSetupVersionIndReq                 
20004cb8  llState                              
1000d9e1  llTaskError                          
20004ef4  llTaskList                           
00019c97  llTime2Octets                        
1000d8c9  llTimeCompare                        
1000d8f5  llTimeDelta                          
200046e4  llUserConfig                         
00019dcb  llValidateConnParams                 
00019af5  llVerifyConnParamReqParams           
0001d4f8  ll_buildRevision                     
10016551  mADD                                 
10015bd5  mINVK                                
10015f81  mMULT                                
10016749  mOUT                                 
10015a9d  mSET                                 
1001664d  mSUB                                 
20004cbc  maxNumConns                          
2000470a  maxNumTxDataBufs                     
20004708  maxPduSize                           
0001d4c0  maxPktsPerEvt                        
20004c85  maxTxPwrForDTM                       
0001ca4d  memcmp                               
0001b54b  memcpy                               
0001b5ef  memset                               
20004f14  mstCmd                               
20004f18  mstParam                             
20004cba  numComplPkts                         
20004c88  numComplPktsFlush                    
20004c87  numComplPktsLimit                    
20004f26  numHostBufs                          
20004c8b  numTxDataBufs                        
20004c86  onePktPerEvt                         
0001b8f1  osalAddTimer                         
0001b6bd  osalFindTimer                        
0001b71d  osalTimerUpdate                      
0001c099  osal_CbTimerProcessEvent             
0001bb7b  osal_bm_adjust_header                
0001bba3  osal_bm_alloc                        
0001bbd5  osal_bm_free                         
0001bed5  osal_clear_event                     
20004831  osal_entity                          
2000483c  osal_eventloop_hook                  
0001b6d9  osal_get_timeoutEx                   
0001c059  osal_isbufset                        
20004628  osal_last_timestamp                  
20004848  osal_max_msecs                       
0001cb37  osal_mem_alloc                       
0001cb1d  osal_mem_free                        
0001c035  osal_memcmp                          
0001bc25  osal_memcpy                          
0001bc21  osal_memset                          
0001bc3d  osal_msg_allocate                    
0001bc67  osal_msg_deallocate                  
0001bc9d  osal_msg_receive                     
0001bdb7  osal_msg_send                        
0001b96b  osal_next_timeout                    
0001caad  osal_pwrmgr_task_state               
20004838  osal_qHead                           
0001bb49  osal_rand                            
0001c019  osal_revmemcpy                       
0001bc61  osal_self                            
20004840  osal_semaphore                       
0001bf8b  osal_service_entry                   
0001be3f  osal_set_event                       
0001b935  osal_start_reload_timer              
0001b887  osal_start_timerEx                   
0001b8c1  osal_stop_timerEx                    
20004844  osal_tickperiod                      
0001b7fb  osal_timer_refTimeUpdate             
20004f60  outPointX                            
20004f64  outPointY                            
20004c6c  ownPublicAddr                        
20004c74  ownRandomAddr                        
20004c7c  ownSavedPublicAddr                   
200045c8  pBleEvtMask                          
200045bc  pGapAdvertState                      
200045b8  pGapDiscReq                          
20004f00  pHciEvtMask                          
200045d0  pHciEvtMask2                         
20004ffc  pSspAesEncrypt_Sw                    
20004c9c  peerInfo                             
200045c4  pfnBondMgrCBs                        
200046dc  pfnPeripheralCBs                     
20004cbe  postRfOperations                     
200048de  pwrmgr_attribute                     
200048dc  pwrmgr_initialized                   
20004fac  ratChanInfo                          
0001b217  rfCallback                           
20004c94  rfCfgAdiVal                          
0001d4a8  rfCfgVal                             
20004710  rfCmdHandle                          
20004718  rfDrvTblPtr                          
200045d8  rfEvent                              
20004709  rfFeModeBias                         
20004714  rfHandle                             
20004728  rfMode                               
20004768  rfObject                             
0001d4c4  rfOpLoc                              
0001b20d  rfPUpCallback                        
20004738  rfParams                             
2000474c  rfSetup                              
1000dffc  romRev                               
200045e9  rspBuf                               
20004cc0  rssiCorrection                       
20004f0c  rxDataQ                              
20004c8a  rxFifoFlowCtrl                       
20004e40  rxModemTestCmd                       
0001d4ac  rxPktSuffix                          
20004f10  rxRingBuf                            
20004ec4  rxTestOut                            
20004e84  rxTestParam                          
20004df8  scanCmd                              
200048fc  scanDataEntry                        
200049dc  scanDataQueue                        
20004d94  scanInfo                             
20004e10  scanOutput                           
20004d14  scanParam                            
0001d4b4  scanPktSuffix                        
20004724  sclkSrc                              
20004c89  slOverride                           
20004c96  sleepDelay                           
20004de0  slvCmd                               
20004d38  slvParam                             
00019201  smAuthReqToUint8                     
000191d7  smGenerateRandBuf                    
0001901f  smStartRspTimer                      
0001903b  smStopRspTimer                       
200045c1  smTaskID                             
0001922f  smUint8ToAuthReq                     
000190cb  sm_c1new                             
00019049  sm_d1                                
000190a1  sm_dm                                
00019199  sm_s1                                
10016d29  sspAesDecrypt_Sw                     
10016af5  sspAesEncryptBasic_Sw                
10016a99  sspAesEncryptKeyExp_Sw               
10016979  sspAesEncrypt_Sw                     
10016985  sspKeyExpansion_Sw                   
10016975  ssp_KeyInit_Sw                       
00018001  startup_entry                        
000199e0  supportedCmdsTable                   
20004cc4  taskEndAction                        
20004f0a  taskEndStatus                        
0001cdb8  tasksArr                             
2000463c  tasksEvents                          
20004624  timerHead                            
2000471c  trngDrvTblPtr                        
20004e28  trxTestCmd                           
20004f1c  txDataQ                              
20004d78  txModemTestCmd                       
0001d49c  txPowerTable                         
0001d4a0  txPwrTbl                             
20004f20  txTestOut                            
20004ea8  txTestParam                          
20004c8c  verInfo                              
20004f40  win                                  
0001d4bc  wlSize                               
20004a8c  wlTable                              
20004b10  wlTableScan                          
20004f44  workzone                             
10015d19  zADD                                 
10015eb5  zADD32                               
10015de9  zMACC32                              
10015f0d  zMULT32                              
10015bcd  zSET                                 
10015d5d  zSUB                                 
10015e69  zSUB32                               


GLOBAL SYMBOLS: SORTED BY Symbol Address 

address   name                                 
-------   ----                                 
00005721  __checksum_value                     
0000e0ea  __checksum_value_CommonROM           
00018000  __TI_static_base__                   
00018001  startup_entry                        
0001840d  GAP_SetParamValue                    
00018427  GAP_GetParamValue                    
00018439  GAP_ParamsInit                       
00018461  GAP_SecParamsInit                    
00018483  GAP_PrivacyInit                      
00018489  GAP_GetIRK                           
0001848f  GAP_ConfigDeviceAddr                 
00018565  gapReadBD_ADDRStatus                 
000185a1  gapReadBufSizeCmdStatus              
000185d9  gapProcessNewAddr                    
00018607  gapAddAddrAdj                        
0001862b  gapHost2CtrlOwnAddrType              
00018635  gapProcessRandomAddrComplete         
00018695  gapGetSRK                            
0001869b  gapGetSignCounter                    
000186a3  gapIncSignCounter                    
000186bd  gapGetDevAddressMode                 
000186c3  gapGetDevAddress                     
00018735  GAP_ResolvePrivateAddr               
00018739  gapIsAdvertising                     
0001873d  gapIsScanning                        
00018747  gapValidADType                       
0001875b  gapFindADType                        
000187af  gapSetState                          
000187b9  gapClrState                          
000187e5  GAP_MakeDiscoverable                 
00018877  GAP_UpdateAdvertisingData            
000188df  GAP_EndDiscoverable                  
0001892b  GAP_SetAdvToken                      
000189d5  GAP_GetAdvToken                      
000189eb  GAP_RemoveAdvToken                   
00018a35  GAP_UpdateAdvTokens                  
00018a49  GAP_PeriDevMgrInit                   
00018e09  GAP_RegisterForMsgs                  
00018e0f  GAP_Init                             
00018e17  GAP_ProcessEvent                     
00018e7f  GAP_NumActiveConnections             
00018e83  gapProcessOSALMsg                    
00018e9d  gapProcessBLEEvents                  
00018ebd  gapProcessHCICmdCompleteEvt          
00018f3d  gapRegisterCentral                   
00018f43  gapRegisterPeripheral                
00018f4d  SM_CalcRandomAddr                    
00018f85  SM_ResolveRandomAddrs                
00018fdb  SM_Encrypt                           
0001901f  smStartRspTimer                      
0001903b  smStopRspTimer                       
00019049  sm_d1                                
000190a1  sm_dm                                
000190cb  sm_c1new                             
00019199  sm_s1                                
000191d7  smGenerateRandBuf                    
00019201  smAuthReqToUint8                     
0001922f  smUint8ToAuthReq                     
00019277  __aeabi_idiv0                        
00019277  __aeabi_ldiv0                        
00019279  llSetupRfHal                         
00019293  llSetupRATChanCompare                
000192c5  llRatChanCBack_A                     
000192c7  RFHAL_InitRfHal                      
0001932b  RFHAL_AddTxDataEntry                 
000193a9  hciInitEventMasks                    
000193ed  LL_ConnParamUpdateCback              
00019491  LL_AuthPayloadTimeoutExpiredCback    
000194eb  LL_EnhancedConnectionCompleteCback   
000196f9  HCI_VendorSpecifcCommandCompleteEvent
00019759  HCI_HardwareErrorEvent               
000197e9  HCI_ValidConnTimeParams              
00019825  HCI_ResetCmd                         
00019847  HCI_ReadLocalSupportedCommandsCmd    
0001985b  HCI_LE_ReadBufSizeCmd                
00019889  HCI_LE_RemoteConnParamReqReplyCmd    
0001988d  HCI_LE_RemoteConnParamReqNegReplyCmd 
00019891  HCI_LE_TransmitterTestCmd            
000198a3  HCI_LE_ReceiverTestCmd               
000198b5  HCI_SetEventMaskPage2Cmd             
000198dd  HCI_EXT_ResetSystemCmd               
00019903  HCI_EXT_DelaySleepCmd                
00019927  HCI_LE_SetEventMaskCmd               
0001995d  HCI_ReadLocalVersionInfoCmd          
000199b5  HCI_ReadRssiCmd                      
000199e0  supportedCmdsTable                   
00019a25  llAdv_TaskEnd                        
00019af5  llVerifyConnParamReqParams           
00019b77  llInitFeatureSet                     
00019b8d  llRfSetup                            
00019bcd  llRfInit                             
00019c29  llSetTxPower                         
00019c6f  llGetTxPower                         
00019c83  llCheckWhiteListUsage                
00019c97  llTime2Octets                        
00019cc5  llOctets2Time                        
00019cf9  llHaltRadio                          
00019d19  llRfStartFS                          
00019dc5  llResetRadio                         
00019dc7  llHardwareError                      
00019dcb  llValidateConnParams                 
00019ebf  LL_Init                              
0001a05b  LL_ProcessEvent                      
0001a0eb  LL_Reset                             
0001a16f  LL_EXT_SetLocalSupportedFeatures     
0001a195  LL_EXT_SetTxPower                    
0001a1c1  LL_EXT_SetMaxDtmTxPower              
0001a1dd  LL_EXT_ModemHopTestTx                
0001a279  LL_EXT_ModemTestTx                   
0001a2fd  LL_EXT_ModemTestRx                   
0001a395  LL_EXT_EndModemTest                  
0001a3bb  LL_DirectTestTxTest                  
0001a52d  LL_DirectTestRxTest                  
0001a603  LL_DirectTestEnd                     
0001a677  LL_SetAdvParam                       
0001a751  LL_SetAdvControl                     
0001a829  LL_ReadSupportedStates               
0001a835  LL_GetNumActiveConns                 
0001a841  LL_ReadRssi                          
0001a87d  LL_EXT_BuildRevision                 
0001af91  llInitRAT                            
0001af93  llGetCurrentTime                     
0001afa1  llSchedulerInit                      
0001afd3  llAllocTask                          
0001b02d  llGetTaskState                       
0001b04f  llActiveTask                         
0001b085  llGetTask                            
0001b0b5  llScheduleTask                       
[...]
100098f5  HCI_LE_ReadAdvChanTxPowerCmd         
10009915  HCI_LE_SetScanParamCmd               
10009941  HCI_LE_SetScanEnableCmd              
1000995d  HCI_LE_CreateConnCmd                 
1000999d  HCI_LE_CreateConnCancelCmd           
100099c9  HCI_LE_ReadWhiteListSizeCmd          
100099f9  HCI_LE_ClearWhiteListCmd             
10009a15  HCI_LE_AddWhiteListCmd               
10009a31  HCI_LE_RemoveWhiteListCmd            
10009a85  HCI_LE_SetHostChanClassificationCmd  
10009aa1  HCI_LE_ReadChannelMapCmd             
10009af5  HCI_LE_EncryptCmd                    
10009b51  HCI_LE_RandCmd                       
10009ba9  HCI_LE_StartEncyptCmd                
10009bc5  HCI_LE_LtkReqReplyCmd                
10009be1  HCI_LE_LtkReqNegReplyCmd             
10009c15  HCI_LE_ReadSupportedStatesCmd        
10009c8d  HCI_LE_TestEndCmd                    
10009cd5  HCI_EXT_SetRxGainCmd                 
10009d09  HCI_EXT_SetTxPowerCmd                
10009d45  HCI_EXT_OnePktPerEvtCmd              
10009d79  HCI_EXT_ClkDivOnHaltCmd              
10009dad  HCI_EXT_DeclareNvUsageCmd            
10009dd1  HCI_EXT_DecryptCmd                   
10009e2d  HCI_EXT_SetLocalSupportedFeaturesCmd 
10009e4d  HCI_EXT_SetFastTxResponseTimeCmd     
10009e6d  HCI_EXT_SetSlaveLatencyOverrideCmd   
10009e8d  HCI_EXT_ModemTestTxCmd               
10009ead  HCI_EXT_ModemHopTestTxCmd            
10009ecd  HCI_EXT_ModemTestRxCmd               
10009eed  HCI_EXT_EndModemTestCmd              
10009f0d  HCI_EXT_SetBDADDRCmd                 
10009f49  HCI_EXT_SetSCACmd                    
10009f69  HCI_EXT_EnablePTMCmd                 
10009f81  HCI_EXT_SetFreqTuneCmd               
10009fb1  HCI_EXT_SaveFreqTuneCmd              
10009fd1  HCI_EXT_SetMaxDtmTxPowerCmd          
10009ff1  HCI_EXT_MapPmIoPortCmd               
1000a011  HCI_EXT_DisconnectImmedCmd           
1000a031  HCI_EXT_PacketErrorRateCmd           
1000a075  HCI_EXT_PERbyChanCmd                 
1000a095  HCI_EXT_ExtendRfRangeCmd             
1000a0d1  HCI_EXT_HaltDuringRfCmd              
1000a0f1  HCI_EXT_AdvEventNoticeCmd            
1000a109  HCI_EXT_BuildRevisionCmd             
1000a195  HCI_EXT_OverlappedProcessingCmd      
1000a1b5  HCI_EXT_NumComplPktsLimitCmd         
1000a1d5  LL_RandCback                         
1000a201  LL_EXT_SetRxGainCback                
1000a211  LL_EXT_SetTxPowerCback               
1000a259  LL_EXT_PacketErrorRateCback          
1000a2ad  LL_EXT_ExtendRfRangeCback            
1000a335  llScheduler                          
1000a895  llFindStartType                      
1000a939  llFindNextSecTask                    
1000abed  llFreeTask                           
1000ac3d  llGetCurrentTask                     
1000aca9  llGetActiveTasks                     
1000ace1  llGetNumTasks                        
1000adb1  llPatchCM0                           
1000ae41  llRatChanCBack_B                     
1000ae45  llRatChanCBack_C                     
1000ae49  llRatChanCBack_D                     
1000ae4d  llSetupScanDataEntryQueue            
1000ae95  llSetupInitDataEntryQueue            
1000aeb1  llSetupAdvDataEntryQueue             
1000afa1  llMoveTempTxDataEntries              
1000b009  llGetNumTxDataEntries                
1000b4c9  LL_ENC_Init                          
1000b4ed  LL_ENC_ReverseBytes                  
1000b50d  LL_ENC_GeneratePseudoRandNum         
1000b51d  LL_ENC_GenerateTrueRandNum           
1000b541  LL_ENC_GenDeviceSKD                  
1000b555  LL_ENC_GenDeviceIV                   
1000b569  LL_ENC_GenerateNonce                 
1000b58d  LL_ENC_LoadKey                       
1000b5f5  LL_ENC_AES128_Encrypt                
1000b639  LL_ENC_AES128_Decrypt                
1000b721  LL_ENC_EncryptMsg                    
1000b851  LL_ENC_DecryptMsg                    
1000c1b5  llCheckForLstoDuringSL               
1000cd51  llAdv_TaskAbort                      
1000d189  WL_Init                              
1000d1f5  WL_ClearEntry                        
1000d229  WL_GetSize                           
1000d2d9  WL_AddEntry                          
1000d36d  WL_RemoveEntry                       
1000d4ad  llGetAdvChanPDU                      
1000d695  llGenerateValidAccessAddr            
1000d6b1  llGtSixConsecZerosOrOnes             
1000d6e5  llEqSynchWord                        
1000d6f5  llOneBitSynchWordDiffer              
1000d709  llEqualBytes                         
1000d731  llGtTwentyFourTransitions            
1000d761  llLtTwoChangesInLastSixBits          
1000d795  llEqAlreadyValidAddr                 
1000d7cd  HCI_ReverseBytes                     
1000d8c9  llTimeCompare                        
1000d8f5  llTimeDelta                          
1000d94d  llCalcScaFactor                      
1000d964  SCA                                  
1000d9b0  advChan                              
1000d9b4  advEvt2Cmd                           
1000d9c0  advEvt2State                         
1000d9e1  llTaskError                          
1000d9ec  Fill1_1                              
1000dffc  A3_rw_1                              
1000dffc  romRev                               
1000dffd  __checksum_end                       
1000dffe  A2_rw_1                              
1000dffe  P1_ro_2_1                            
1000dffe  __checksum                           
10014c00  A1_rw                                
10014c00  __checksum_begin_CommonROM           
10014c01  COMMON_ROM_BASE_ADDR                 
10014c04  P1_ro                                
10014c05  SCALARMUL_init                       
10014ced  SCALARMUL_core                       
10015019  SCALARMUL_final                      
100150e5  SCALARMUL                            
10015101  SAVEPOINT                            
10015141  GETBIT                               
10015155  GETDIGIT                             
100151a5  GETDIGITL2R                          
10015215  SelectReg                            
10015229  ATOMICPATTERN                        
100154f5  JACADD                               
1001568d  INVERT                               
10015821  SQUAREMULTIPLYWORD                   
1001588c  LUTOPCODE                            
10015894  LUTOPSIGN                            
100158ac  LUTC                                 
100158c4  LUTSE                                
100158dc  LUTINCI                              
100158f4  LUTJ                                 
1001596c  LUTSTATE                             
100159a9  IMPORTLENGTH                         
100159ad  IMPORTMODULUS                        
100159d1  IMPORTOPERAND                        
10015a11  EXPORTOPERAND                        
10015a35  IMPORTDATA                           
10015a51  SETOPERAND                           
10015a6d  COPY                                 
10015a85  ZERO                                 
10015a91  SETWORD                              
10015a9d  mSET                                 
10015bcd  zSET                                 
10015bd5  mINVK                                
10015d19  zADD                                 
10015d5d  zSUB                                 
10015de9  zMACC32                              
10015e69  zSUB32                               
10015eb5  zADD32                               
10015f0d  zMULT32                              
10015f81  mMULT                                
10016551  mADD                                 
1001664d  mSUB                                 
10016749  mOUT                                 
10016975  ssp_KeyInit_Sw                       
10016979  sspAesEncrypt_Sw                     
10016985  sspKeyExpansion_Sw                   
10016a99  sspAesEncryptKeyExp_Sw               
10016af5  sspAesEncryptBasic_Sw                
10016b79  RoundKey_Sw                          
10016c29  AddRoundKeySubBytes_Sw               
10016c45  ShiftRows_Sw                         
10016c79  MixColumns_Sw                        
10016d05  FFMult_Sw                            
10016d29  sspAesDecrypt_Sw                     
10016da1  InvAddRoundKey_Sw                    
10016dc9  InvRoundKey_Sw                       
10016e8d  InvSubBytes_Sw                       
10016ea1  InvShiftRows_Sw                      
10016ed5  InvMixColumns_Sw                     
10016f58  FFMult2                              
10017058  FFMult3                              
10017158  RCon                                 
10017164  Sbox                                 
10017264  InvSbox                              
10017365  SSP_CCM_Auth_Sw                      
100174fd  SSP_CCM_Encrypt_Sw                   
100175ed  SSP_CTR_Encrypt_Sw                   
1001767d  SSP_CCM_Decrypt_Sw                   
10017771  SSP_CTR_Decrypt_Sw                   
10017839  SSP_CCM_InvAuth_Sw                   
10017895  SSP_CCM_Auth_Encrypt_Sw              
100178f5  SSP_CCM_InvAuth_Decrypt_Sw           
10017959  ECC_allocWorkzone                    
10017961  ECC_setWin                           
10017969  ECDSA_sign                           
10017b01  ECDSA_verif                          
10017dbd  ECC_keyGen                           
10017ded  ECDH_commonKey                       
10017e39  SHA256_updateW                       
10017e75  SHA256_round                         
10017ef1  SHA256_nextState                     
10017f49  SHA256_saveBuffer                    
10017ffd  SHA256_init                          
10018019  SHA256_process                       
10018089  SHA256_final                         
10018129  SHA256_full                          
10018315  RFHAL_AllocRatChan                   
1001833d  RFHAL_FreeRatChan                    
10018369  RFHAL_MapRatChansToInt               
10018391  RFHAL_RegisterRatChanCallback        
100183b9  RFHAL_InitDataQueue                  
100183c5  RFHAL_QueueRFDataEntries             
10018485  RFHAL_FreeNextTxDataEntry            
100184a9  RFHAL_AllocDataEntryQueue            
100184c5  RFHAL_FreeDataEntryQueue             
100184cd  RFHAL_GetNextDataEntry               
100184d1  RFHAL_GetTempDataEntry               
100184d5  RFHAL_NextDataEntryDone              
100184f9  RFHAL_AllocDataEntry                 
10018549  RFHAL_FreeDataEntry                  
10018551  RFHAL_BuildRingBuffer                
100185e1  RFHAL_BuildDataEntryRingBuffer       
10018669  RFHAL_BuildLinkedBuffer              
10018a19  AesCcm_authEncrypt_Sw                
10018a35  AesCcm_decryptAuth_Sw                
10018a99  Aes_encrypt_Sw                       
10018ac5  Aes_decrypt_Sw                       
10018b09  AesCcm_getNumBlocks_Sw               
10018b0c  NIST256_p                            
10018b30  NIST256_r                            
10018b54  NIST256_a                            
10018b78  NIST256_b                            
10018b9c  NIST256_Gx                           
10018bc0  NIST256_Gy                           
10018ced  __exit                               
10018d6c  Fill1                                
10019ffc  A3_rw                                
10019ffd  __checksum_end_CommonROM             
10019ffe  A2_rw                                
10019ffe  P1_ro_2                              
10019ffe  __checksum_CommonROM                 
200045b8  pGapDiscReq                          
200045bc  pGapAdvertState                      
200045c0  gapState                             
200045c1  smTaskID                             
200045c2  hciTaskID                            
200045c3  hciTestTaskID                        
200045c4  pfnBondMgrCBs                        
200045c8  pBleEvtMask                          
200045d0  pHciEvtMask2                         
200045d8  rfEvent                              
200045e0  hciGapTaskID                         
200045e1  hciL2capTaskID                       
200045e2  hciSmpTaskID                         
200045e3  hciExtTaskID                         
200045e8  bleDispatch_TaskID                   
200045e9  rspBuf                               
20004624  timerHead                            
20004628  osal_last_timestamp                  
20004630  ICall_dispatcher                     
20004634  ICall_enterCriticalSection           
20004638  ICall_leaveCriticalSection           
2000463c  tasksEvents                          
2000465c  gapAppTaskID                         
2000465d  gapProfileRole                       
2000465e  gapDeviceAddrMode                    
2000465f  gapAutoAdvPrivateAddrChange          
20004660  gapPrivateAddrChangeTimeout          
200046d8  gapTaskID                            
200046d9  gapUnwantedTaskID                    
200046dc  pfnPeripheralCBs                     
200046e4  llUserConfig                         
20004708  maxPduSize                           
20004709  rfFeModeBias                         
2000470a  maxNumTxDataBufs                     
2000470c  advInfoExt                           
20004710  rfCmdHandle                          
20004714  rfHandle                             
20004718  rfDrvTblPtr                          
2000471c  trngDrvTblPtr                        
20004720  SysBootMsg                           
20004724  sclkSrc                              
20004728  rfMode                               
20004738  rfParams                             
2000474c  rfSetup                              
20004768  rfObject                             
20004828  assertSubcause                       
20004829  legacyMode                           
2000482c  halAssertCback                       
20004831  osal_entity                          
20004838  osal_qHead                           
2000483c  osal_eventloop_hook                  
20004840  osal_semaphore                       
20004844  osal_tickperiod                      
20004848  osal_max_msecs                       
20004858  baseTaskID                           
2000485c  cbTimers                             
200048d8  OSAL_timeSeconds                     
200048dc  pwrmgr_initialized                   
200048de  pwrmgr_attribute                     
200048e8  A4_rw_1                              
200048e8  RAM_BASE_ADDR                        
200048fc  P2_zi_1                              
200048fc  scanDataEntry                        
200049dc  scanDataQueue                        
200049ec  advInfo                              
20004a8c  wlTable                              
20004b10  wlTableScan                          
20004b94  initDataEntry                        
20004bcc  initDataQueue                        
20004bdc  advDataEntry                         
20004c14  advDataQueue                         
20004c24  advCmd                               
20004c6c  ownPublicAddr                        
20004c74  ownRandomAddr                        
20004c7c  ownSavedPublicAddr                   
20004c84  LL_TaskID                            
20004c85  maxTxPwrForDTM                       
20004c86  onePktPerEvt                         
20004c87  numComplPktsLimit                    
20004c88  numComplPktsFlush                    
20004c89  slOverride                           
20004c8a  rxFifoFlowCtrl                       
20004c8b  numTxDataBufs                        
20004c8c  verInfo                              
20004c94  rfCfgAdiVal                          
20004c96  sleepDelay                           
20004c98  buildInfo                            
20004c9c  peerInfo                             
20004ca8  chanMapUpdate                        
20004cb0  llConns                              
20004cb8  llState                              
20004cb9  curTxPowerVal                        
20004cba  numComplPkts                         
20004cbb  fastTxRespTime                       
20004cbc  maxNumConns                          
20004cbe  postRfOperations                     
20004cc0  rssiCorrection                       
20004cc4  taskEndAction                        
20004cf0  initParam                            
20004d14  scanParam                            
20004d38  slvParam                             
20004d58  advParam                             
20004d78  txModemTestCmd                       
20004d94  scanInfo                             
20004db0  initCmd                              
20004dc8  connReqData                          
20004de0  slvCmd                               
20004df8  scanCmd                              
20004e10  scanOutput                           
20004e28  trxTestCmd                           
20004e40  rxModemTestCmd                       
20004e58  initInfo                             
20004e70  connOutput                           
20004e84  rxTestParam                          
20004e98  advOutput                            
20004ea8  txTestParam                          
20004eb8  initOutput                           
20004ec4  rxTestOut                            
20004ed0  deviceFeatureSet                     
20004edc  dtmInfo                              
20004ee8  cachedTRNGdata                       
20004ef4  llTaskList                           
20004f00  pHciEvtMask                          
20004f08  bleEvtMask                           
20004f0a  taskEndStatus                        
20004f0c  rxDataQ                              
20004f10  rxRingBuf                            
20004f14  mstCmd                               
20004f18  mstParam                             
20004f1c  txDataQ                              
20004f20  txTestOut                            
20004f24  ctrlToHostEnable                     
20004f26  numHostBufs                          
20004f28  hciPTMenabled                        
20004f2c  A4_rw                                
20004f2c  COMMON_RAM_BASE_ADDR                 
20004f40  P2_rw                                
20004f40  P2_s0                                
20004f40  win                                  
20004f44  workzone                             
20004f48  data_p                               
20004f4c  data_r                               
20004f50  data_a                               
20004f54  inScalar                             
20004f58  inPointX                             
20004f5c  inPointY                             
20004f60  outPointX                            
20004f64  outPointY                            
20004f68  SCAL                                 
20004f6c  EXPX                                 
20004f70  EXPY                                 
20004f74  EXPZ                                 
20004f78  EXPW                                 
20004f7c  ACCX                                 
20004f80  ACCY                                 
20004f84  ACCZ                                 
20004f88  TMP1                                 
20004f8c  TMP2                                 
20004f90  TMP3                                 
20004f94  TMP4                                 
20004f98  TMP5                                 
20004f9c  TMP6                                 
20004fa0  data_Gx                              
20004fa4  data_Gy                              
20004fa8  data_b                               
20004fac  P2_zi                                
20004fac  ratChanInfo                          
20004fcc  fwInfoCmd                            
20004fd8  MSBMOD                               
20004fdc  aux64                                
20004fe4  MOD                                  
20004fe8  LEN                                  
20004ffc  pSspAesEncrypt_Sw                    
ffffffff  __TI_pprof_out_hndl                  
ffffffff  __TI_prof_data_size                  
ffffffff  __TI_prof_data_start                 
ffffffff  __binit__                            
ffffffff  __c_args__                           
ffffffff  binit                                
UNDEFED   _system_post_cinit                   

[769 symbols]
